<html>
<body>
<pre>
<h1>µVision Build Log</h1>
<h2>Tool Versions:</h2>
IDE-Version: µVision V5.31.0.0
Copyright (C) 2020 ARM Ltd and ARM Germany GmbH. All rights reserved.
License Information: na Microsoft, Microsoft, LIC=9WS45-G2AI3-QB0EE-5JV4K-C4LUF-YASIX
 
Tool Versions:
Toolchain:       MDK-ARM Plus  Version: 5.31.0.0
Toolchain Path:  C:\Keil_v5\ARM\ARMCC\Bin
C Compiler:      Armcc.exe V5.06 update 6 (build 750)
Assembler:       Armasm.exe V5.06 update 6 (build 750)
Linker/Locator:  ArmLink.exe V5.06 update 6 (build 750)
Library Manager: ArmAr.exe V5.06 update 6 (build 750)
Hex Converter:   FromElf.exe V5.06 update 6 (build 750)
CPU DLL:         
Dialog DLL:      
Target DLL:      Segger\JL2CM3.dll V2.99.38.0
Dialog DLL:      TCM.DLL V1.46.0.0
 
<h2>Project:</h2>
C:\Users\Dell Pricision 351o\Desktop\Code\nRF5_SDK_17.0.2_d674dde\examples\peripheral\spi\pca10040\blank\arm5_no_packs\spi_pca10040.uvprojx
Project File Date:  06/10/2021

<h2>Output:</h2>
*** Using Compiler 'V5.06 update 6 (build 750)', folder: 'C:\Keil_v5\ARM\ARMCC\Bin'
Build target 'nrf52832_xxaa'
compiling main.c...
..\..\..\..\..\..\..\NRF5_Minh_ThS\User_library\include\nrf5_ade9153a.h(123): warning:  #1295-D: Deprecated declaration init_spiADE9153 - give arg types
  bool init_spiADE9153();
..\..\..\..\..\..\..\NRF5_Minh_ThS\User_library\include\nrf5_ade9153a.h(151): warning:  #1295-D: Deprecated declaration ADE9153_initCFG - give arg types
  void ADE9153_initCFG();
..\..\..\..\..\..\..\NRF5_Minh_ThS\User_library\include\nrf5_ade9153a.h(152): warning:  #1295-D: Deprecated declaration ADE9153_lock - give arg types
  void ADE9153_lock();
..\..\..\..\..\..\..\NRF5_Minh_ThS\User_library\include\nrf5_ade9153a.h(153): warning:  #1295-D: Deprecated declaration ADE9153_unLock - give arg types
  void ADE9153_unLock();
..\..\..\..\..\..\..\NRF5_Minh_ThS\User_library\include\nrf5_ade9153a.h(156): warning:  #1295-D: Deprecated declaration ADE9153_acal_AINormal - give arg types
  bool ADE9153_acal_AINormal();
..\..\..\..\..\..\..\NRF5_Minh_ThS\User_library\include\nrf5_ade9153a.h(157): warning:  #1295-D: Deprecated declaration ADE9153_acal_AITurbo - give arg types
  bool ADE9153_acal_AITurbo();
..\..\..\..\..\..\..\NRF5_Minh_ThS\User_library\include\nrf5_ade9153a.h(158): warning:  #1295-D: Deprecated declaration ADE9153_acal_AV - give arg types
  bool ADE9153_acal_AV();
..\..\..\..\..\..\..\NRF5_Minh_ThS\User_library\include\nrf5_ade9153a.h(159): warning:  #1295-D: Deprecated declaration ADE9153_acal_stop - give arg types
  void ADE9153_acal_stop();
..\..\..\main.c(129): warning:  #68-D: integer conversion resulted in a change of sign
  		spi_write32((REG_AIGAIN), -268435456);
..\..\..\main.c: 9 warnings, 0 errors
linking...
Program Size: Code=13728 RO-data=1156 RW-data=168 ZI-data=9968  
FromELF: creating hex file...
".\_build\nrf52832_xxaa.axf" - 0 Error(s), 9 Warning(s).

<h2>Software Packages used:</h2>

Package Vendor: ARM
                http://www.keil.com/pack/ARM.CMSIS.5.6.0.pack
                ARM.CMSIS.5.6.0
                CMSIS (Cortex Microcontroller Software Interface Standard)
   * Component: CORE Version: 5.3.0

Package Vendor: NordicSemiconductor
                http://developer.nordicsemi.com/nRF5_SDK/pieces/nRF_DeviceFamilyPack/NordicSemiconductor.nRF_DeviceFamilyPack.8.35.0.pack
                NordicSemiconductor.nRF_DeviceFamilyPack.8.35.0
                Nordic Semiconductor nRF ARM devices Device Family Pack with BSD license.
   * Component: Startup Version: 8.35.0

<h2>Collection of Component include folders:</h2>
  .\RTE\_nrf52832_xxaa
  C:\Users\Dell Pricision 351o\AppData\Local\Arm\Packs\ARM\CMSIS\5.6.0\CMSIS\Core\Include
  C:\Users\Dell Pricision 351o\AppData\Local\Arm\Packs\NordicSemiconductor\nRF_DeviceFamilyPack\8.35.0\Device\Include

<h2>Collection of Component Files used:</h2>

   * Component: ARM::CMSIS:CORE:5.3.0

   * Component: NordicSemiconductor::Device:Startup:8.35.0
      Include file:  Device\Include\system_nrf52.h
      Source file:   Device\Source\arm\arm_startup_nrf52.s
      Source file:   Device\Source\system_nrf52.c
      Include file:  Device\Include\system_nrf.h
Build Time Elapsed:  00:00:03
</pre>
</body>
</html>
