<html>
<body>
<pre>
<h1>µVision Build Log</h1>
<h2>Tool Versions:</h2>
IDE-Version: µVision V5.31.0.0
Copyright (C) 2020 ARM Ltd and ARM Germany GmbH. All rights reserved.
License Information: na Microsoft, Microsoft, LIC=9WS45-G2AI3-QB0EE-5JV4K-C4LUF-YASIX
 
Tool Versions:
Toolchain:       MDK-ARM Plus  Version: 5.31.0.0
Toolchain Path:  C:\Keil_v5\ARM\ARMCC\Bin
C Compiler:      Armcc.exe V5.06 update 6 (build 750)
Assembler:       Armasm.exe V5.06 update 6 (build 750)
Linker/Locator:  ArmLink.exe V5.06 update 6 (build 750)
Library Manager: ArmAr.exe V5.06 update 6 (build 750)
Hex Converter:   FromElf.exe V5.06 update 6 (build 750)
CPU DLL:         
Dialog DLL:      
Target DLL:      Segger\JL2CM3.dll V2.99.38.0
Dialog DLL:      TCM.DLL V1.46.0.0
 
<h2>Project:</h2>
C:\Users\Dell Pricision 351o\Desktop\Code\nRF5_SDK_17.0.2_d674dde\examples\peripheral\spi\pca10040\blank\arm5_no_packs\spi_pca10040.uvprojx
Project File Date:  06/10/2021

<h2>Output:</h2>
*** Using Compiler 'V5.06 update 6 (build 750)', folder: 'C:\Keil_v5\ARM\ARMCC\Bin'
Build target 'nrf52832_xxaa'
compiling nrfx_atomic.c...
compiling bsp.c...
compiling boards.c...
compiling nrf_drv_spi.c...
compiling main.c...
..\..\..\..\..\..\..\NRF5_Minh_ThS\User_library\include\nrf5_ade9153a.h(123): warning:  #1295-D: Deprecated declaration init_spiADE9153 - give arg types
  bool init_spiADE9153();
..\..\..\..\..\..\..\NRF5_Minh_ThS\User_library\include\nrf5_ade9153a.h(151): warning:  #1295-D: Deprecated declaration ADE9153_initCFG - give arg types
  void ADE9153_initCFG();
..\..\..\..\..\..\..\NRF5_Minh_ThS\User_library\include\nrf5_ade9153a.h(152): warning:  #1295-D: Deprecated declaration ADE9153_lock - give arg types
  void ADE9153_lock();
..\..\..\..\..\..\..\NRF5_Minh_ThS\User_library\include\nrf5_ade9153a.h(153): warning:  #1295-D: Deprecated declaration ADE9153_unLock - give arg types
  void ADE9153_unLock();
..\..\..\..\..\..\..\NRF5_Minh_ThS\User_library\include\nrf5_ade9153a.h(156): warning:  #1295-D: Deprecated declaration ADE9153_acal_AINormal - give arg types
  bool ADE9153_acal_AINormal();
..\..\..\..\..\..\..\NRF5_Minh_ThS\User_library\include\nrf5_ade9153a.h(157): warning:  #1295-D: Deprecated declaration ADE9153_acal_AITurbo - give arg types
  bool ADE9153_acal_AITurbo();
..\..\..\..\..\..\..\NRF5_Minh_ThS\User_library\include\nrf5_ade9153a.h(158): warning:  #1295-D: Deprecated declaration ADE9153_acal_AV - give arg types
  bool ADE9153_acal_AV();
..\..\..\..\..\..\..\NRF5_Minh_ThS\User_library\include\nrf5_ade9153a.h(159): warning:  #1295-D: Deprecated declaration ADE9153_acal_stop - give arg types
  void ADE9153_acal_stop();
..\..\..\main.c(113): warning:  #68-D: integer conversion resulted in a change of sign
  		spi_write32((REG_AIGAIN), -268435456);
..\..\..\main.c: 9 warnings, 0 errors
compiling nrf_drv_uart.c...
compiling nrfx_gpiote.c...
compiling app_error_handler_keil.c...
compiling nrfx_spi.c...
compiling nrfx_prs.c...
compiling nrfx_uart.c...
compiling nrfx_spim.c...
compiling app_button.c...
compiling nrfx_uarte.c...
compiling app_error_weak.c...
compiling nrf_atomic.c...
compiling nrf_balloc.c...
compiling app_scheduler.c...
compiling nrf_atfifo.c...
compiling drv_rtc.c...
compiling app_timer2.c...
compiling nrf_fprintf.c...
compiling nrf_fprintf_format.c...
compiling nrf_memobj.c...
compiling nrf_ringbuf.c...
compiling nrf_sortlist.c...
compiling nrf_strerror.c...
compiling nrf_log_backend_rtt.c...
compiling nrf_log_backend_serial.c...
compiling nrf_log_default_backends.c...
compiling SEGGER_RTT_Syscalls_KEIL.c...
compiling SEGGER_RTT.c...
compiling nrf_log_str_formatter.c...
compiling SEGGER_RTT_printf.c...
compiling nrf_log_frontend.c...
compiling nrf_log_backend_uart.c...
compiling ade_lib.c...
..\..\..\..\spi - ADE9153a\pca10040\blank\arm5_no_packs\ade_lib.h(67): warning:  #1295-D: Deprecated declaration SetupADE9153a - give arg types
  void SetupADE9153a();
..\..\..\..\spi - ADE9153a\pca10040\blank\arm5_no_packs\ade_lib.h(68): warning:  #1295-D: Deprecated declaration readIRMS - give arg types
  uint32_t readIRMS();
..\..\..\..\spi - ADE9153a\pca10040\blank\arm5_no_packs\ade_lib.h(69): warning:  #1295-D: Deprecated declaration readVIRMS - give arg types
  uint32_t readVIRMS();
..\..\..\..\spi - ADE9153a\pca10040\blank\arm5_no_packs\ade_lib.h(70): warning:  #1295-D: Deprecated declaration readPower - give arg types
  uint32_t readPower ();
..\..\..\..\spi - ADE9153a\pca10040\blank\arm5_no_packs\ade_lib.h(75): warning:  #1-D: last line of file ends without a newline
  void ApplyAcal(float AICC, float AVCC);
..\..\..\..\spi - ADE9153a\pca10040\blank\arm5_no_packs\ade_lib.c(246): warning:  #1-D: last line of file ends without a newline
  }
..\..\..\..\spi - ADE9153a\pca10040\blank\arm5_no_packs\ade_lib.c: 6 warnings, 0 errors
compiling nrf5_ade9153a.c...
..\..\..\..\..\..\..\NRF5_Minh_ThS\User_library\include\nrf5_ade9153a.h(123): warning:  #1295-D: Deprecated declaration init_spiADE9153 - give arg types
  bool init_spiADE9153();
..\..\..\..\..\..\..\NRF5_Minh_ThS\User_library\include\nrf5_ade9153a.h(151): warning:  #1295-D: Deprecated declaration ADE9153_initCFG - give arg types
  void ADE9153_initCFG();
..\..\..\..\..\..\..\NRF5_Minh_ThS\User_library\include\nrf5_ade9153a.h(152): warning:  #1295-D: Deprecated declaration ADE9153_lock - give arg types
  void ADE9153_lock();
..\..\..\..\..\..\..\NRF5_Minh_ThS\User_library\include\nrf5_ade9153a.h(153): warning:  #1295-D: Deprecated declaration ADE9153_unLock - give arg types
  void ADE9153_unLock();
..\..\..\..\..\..\..\NRF5_Minh_ThS\User_library\include\nrf5_ade9153a.h(156): warning:  #1295-D: Deprecated declaration ADE9153_acal_AINormal - give arg types
  bool ADE9153_acal_AINormal();
..\..\..\..\..\..\..\NRF5_Minh_ThS\User_library\include\nrf5_ade9153a.h(157): warning:  #1295-D: Deprecated declaration ADE9153_acal_AITurbo - give arg types
  bool ADE9153_acal_AITurbo();
..\..\..\..\..\..\..\NRF5_Minh_ThS\User_library\include\nrf5_ade9153a.h(158): warning:  #1295-D: Deprecated declaration ADE9153_acal_AV - give arg types
  bool ADE9153_acal_AV();
..\..\..\..\..\..\..\NRF5_Minh_ThS\User_library\include\nrf5_ade9153a.h(159): warning:  #1295-D: Deprecated declaration ADE9153_acal_stop - give arg types
  void ADE9153_acal_stop();
..\..\..\..\..\..\..\NRF5_Minh_ThS\User_library\nrf5_ade9153a.c(154): warning:  #1035-D: single-precision operand implicitly converted to double-precision
  	targetAICC = 13.41105 / (rShunt * PGAGain); // 10^9/(52725703*sqrt(2)) = 13.41105
..\..\..\..\..\..\..\NRF5_Minh_ThS\User_library\nrf5_ade9153a.c(161): warning:  #1035-D: single-precision operand implicitly converted to double-precision
  	*vHeadRoom = (rBig / rSmall + 1) * 0.35355 / VNOM; // 0.5/sqrt(2) = 0.35355
..\..\..\..\..\..\..\NRF5_Minh_ThS\User_library\nrf5_ade9153a.c(163): warning:  #1035-D: single-precision operand implicitly converted to double-precision
  	targetAVCC = 37.93216 * (VNOM * (*vHeadRoom)); // 10^9/26362852 = 37.93216
..\..\..\..\..\..\..\NRF5_Minh_ThS\User_library\nrf5_ade9153a.c(170): warning:  #1035-D: single-precision operand implicitly converted to double-precision
  	targetPowCC = targetAICC * targetAVCC * 0.0001342;
..\..\..\..\..\..\..\NRF5_Minh_ThS\User_library\nrf5_ade9153a.c: 12 warnings, 0 errors
linking...
Program Size: Code=10816 RO-data=1156 RW-data=160 ZI-data=9888  
FromELF: creating hex file...
".\_build\nrf52832_xxaa.axf" - 0 Error(s), 27 Warning(s).

<h2>Software Packages used:</h2>

Package Vendor: ARM
                http://www.keil.com/pack/ARM.CMSIS.5.6.0.pack
                ARM.CMSIS.5.6.0
                CMSIS (Cortex Microcontroller Software Interface Standard)
   * Component: CORE Version: 5.3.0

Package Vendor: NordicSemiconductor
                http://developer.nordicsemi.com/nRF5_SDK/pieces/nRF_DeviceFamilyPack/NordicSemiconductor.nRF_DeviceFamilyPack.8.35.0.pack
                NordicSemiconductor.nRF_DeviceFamilyPack.8.35.0
                Nordic Semiconductor nRF ARM devices Device Family Pack with BSD license.
   * Component: Startup Version: 8.35.0

<h2>Collection of Component include folders:</h2>
  .\RTE\_nrf52832_xxaa
  C:\Users\Dell Pricision 351o\AppData\Local\Arm\Packs\ARM\CMSIS\5.6.0\CMSIS\Core\Include
  C:\Users\Dell Pricision 351o\AppData\Local\Arm\Packs\NordicSemiconductor\nRF_DeviceFamilyPack\8.35.0\Device\Include

<h2>Collection of Component Files used:</h2>

   * Component: ARM::CMSIS:CORE:5.3.0

   * Component: NordicSemiconductor::Device:Startup:8.35.0
      Source file:   Device\Source\arm\arm_startup_nrf52.s
      Include file:  Device\Include\system_nrf.h
      Include file:  Device\Include\system_nrf52.h
      Source file:   Device\Source\system_nrf52.c
Build Time Elapsed:  00:00:36
</pre>
</body>
</html>
