Component: ARM Compiler 5.06 update 6 (build 750) Tool: armlink [4d35ed]

==============================================================================

Section Cross References

    main.o(i.main) refers to boards.o(i.bsp_board_init) for bsp_board_init
    main.o(i.main) refers to nrf_log_frontend.o(i.nrf_log_init) for nrf_log_init
    main.o(i.main) refers to app_error.o(i.app_error_handler_bare) for app_error_handler_bare
    main.o(i.main) refers to nrf_log_default_backends.o(i.nrf_log_default_backends_init) for nrf_log_default_backends_init
    main.o(i.main) refers to nrf_log_frontend.o(i.nrf_log_frontend_std_0) for nrf_log_frontend_std_0
    main.o(i.main) refers to nrf5_ade9153a.o(i.calculate_target_aicc) for calculate_target_aicc
    main.o(i.main) refers to nrf_log_frontend.o(i.nrf_log_frontend_std_3) for nrf_log_frontend_std_3
    main.o(i.main) refers to nrf5_ade9153a.o(i.calculate_target_avcc) for calculate_target_avcc
    main.o(i.main) refers to nrf5_ade9153a.o(i.calculate_target_powCC) for calculate_target_powCC
    main.o(i.main) refers to nrf_log_frontend.o(i.nrf_log_frontend_dequeue) for nrf_log_frontend_dequeue
    main.o(i.main) refers to nrf5_ade9153a.o(i.ADE9153_reset) for ADE9153_reset
    main.o(i.main) refers to nrf5_ade9153a.o(i.init_spiADE9153) for init_spiADE9153
    main.o(i.main) refers to nrf5_ade9153a.o(i.spi_read32) for spi_read32
    main.o(i.main) refers to nrf_log_frontend.o(i.nrf_log_frontend_std_1) for nrf_log_frontend_std_1
    main.o(i.main) refers to nrf5_ade9153a.o(i.ADE9153_initCFG) for ADE9153_initCFG
    main.o(i.main) refers to nrf5_ade9153a.o(i.spi_write32) for spi_write32
    main.o(i.main) refers to nrf5_ade9153a.o(i.ADE9153_acal_AINormal) for ADE9153_acal_AINormal
    main.o(i.main) refers to main.o(i.nrf_delay_ms) for nrf_delay_ms
    main.o(i.main) refers to nrf5_ade9153a.o(i.ADE9153_acal_stop) for ADE9153_acal_stop
    main.o(i.main) refers to nrf5_ade9153a.o(i.ADE9153_acal_AV) for ADE9153_acal_AV
    main.o(i.main) refers to nrf5_ade9153a.o(i.ADE9153_acal_result) for ADE9153_acal_result
    main.o(i.main) refers to nrf5_ade9153a.o(i.ADE9153_AIGainCFG) for ADE9153_AIGainCFG
    main.o(i.main) refers to nrf5_ade9153a.o(i.ADE9153_AVGainCFG) for ADE9153_AVGainCFG
    main.o(i.main) refers to nrf5_ade9153a.o(i.ADE9153_read_RMSRegs) for ADE9153_read_RMSRegs
    main.o(i.main) refers to nrf5_ade9153a.o(i.ADE9153_read_PowRegs) for ADE9153_read_PowRegs
    main.o(i.main) refers to nrf5_ade9153a.o(i.ADE9153_read_PQRegs) for ADE9153_read_PQRegs
    main.o(i.main) refers to nrf_log_frontend.o(i.nrf_log_frontend_std_4) for nrf_log_frontend_std_4
    main.o(i.main) refers to nrf_log_frontend.o(log_const_data) for m_nrf_log_app_logs_data_const
    main.o(i.main) refers to main.o(.bss) for .bss
    main.o(i.main) refers to main.o(.data) for .data
    main.o(i.nrf_delay_ms) refers to main.o(.constdata) for .constdata
    boards.o(i.bsp_board_button_idx_to_pin) refers to boards.o(.constdata) for .constdata
    boards.o(i.bsp_board_button_state_get) refers to boards.o(.constdata) for .constdata
    boards.o(i.bsp_board_init) refers to boards.o(i.nrf_gpio_cfg) for nrf_gpio_cfg
    boards.o(i.bsp_board_init) refers to boards.o(i.bsp_board_leds_off) for bsp_board_leds_off
    boards.o(i.bsp_board_init) refers to boards.o(.constdata) for .constdata
    boards.o(i.bsp_board_led_idx_to_pin) refers to boards.o(.constdata) for .constdata
    boards.o(i.bsp_board_led_invert) refers to boards.o(.constdata) for .constdata
    boards.o(i.bsp_board_led_off) refers to boards.o(i.nrf_gpio_pin_write) for nrf_gpio_pin_write
    boards.o(i.bsp_board_led_off) refers to boards.o(.constdata) for .constdata
    boards.o(i.bsp_board_led_on) refers to boards.o(i.nrf_gpio_pin_write) for nrf_gpio_pin_write
    boards.o(i.bsp_board_led_on) refers to boards.o(.constdata) for .constdata
    boards.o(i.bsp_board_led_state_get) refers to boards.o(.constdata) for .constdata
    boards.o(i.bsp_board_leds_off) refers to boards.o(i.bsp_board_led_off) for bsp_board_led_off
    boards.o(i.bsp_board_leds_on) refers to boards.o(i.bsp_board_led_on) for bsp_board_led_on
    boards.o(i.bsp_board_pin_to_button_idx) refers to boards.o(.constdata) for .constdata
    boards.o(i.bsp_board_pin_to_led_idx) refers to boards.o(.constdata) for .constdata
    bsp.o(i.alert_timer_handler) refers to boards.o(i.bsp_board_led_invert) for bsp_board_led_invert
    bsp.o(i.bsp_button_event_handler) refers to boards.o(i.bsp_board_pin_to_button_idx) for bsp_board_pin_to_button_idx
    bsp.o(i.bsp_button_event_handler) refers to app_timer2.o(i.app_timer_start) for app_timer_start
    bsp.o(i.bsp_button_event_handler) refers to app_timer2.o(i.app_timer_stop) for app_timer_stop
    bsp.o(i.bsp_button_event_handler) refers to bsp.o(.constdata) for .constdata
    bsp.o(i.bsp_button_event_handler) refers to bsp.o(.data) for .data
    bsp.o(i.bsp_button_event_handler) refers to bsp.o(.bss) for .bss
[...]
    i.SPIM0_SPIS0_TWIM0_TWIS0_SPI0_TWI0_IRQHandler 0x00000d64   Section        0  nrfx_spim.o(i.SPIM0_SPIS0_TWIM0_TWIS0_SPI0_TWI0_IRQHandler)
    i.SystemInit                             0x00000db8   Section        0  system_nrf52.o(i.SystemInit)
    i.UARTE0_UART0_IRQHandler                0x000010e0   Section        0  nrfx_prs.o(i.UARTE0_UART0_IRQHandler)
    i.__scatterload_copy                     0x000010ec   Section       14  handlers.o(i.__scatterload_copy)
    i.__scatterload_null                     0x000010fa   Section        2  handlers.o(i.__scatterload_null)
    i.__scatterload_zeroinit                 0x000010fc   Section       14  handlers.o(i.__scatterload_zeroinit)
    i.app_error_fault_handler                0x0000110c   Section        0  app_error_weak.o(i.app_error_fault_handler)
    i.app_error_handler_bare                 0x00001190   Section        0  app_error.o(i.app_error_handler_bare)
    i.app_util_critical_region_enter         0x000011a6   Section        0  app_util_platform.o(i.app_util_critical_region_enter)
    i.app_util_critical_region_exit          0x000011aa   Section        0  app_util_platform.o(i.app_util_critical_region_exit)
    i.app_util_disable_irq                   0x000011b0   Section        0  app_util_platform.o(i.app_util_disable_irq)
    i.app_util_enable_irq                    0x000011c0   Section        0  app_util_platform.o(i.app_util_enable_irq)
    i.apply_config                           0x000011d4   Section        0  nrfx_uart.o(i.apply_config)
    apply_config                             0x000011d5   Thumb Code   136  nrfx_uart.o(i.apply_config)
    i.apply_config                           0x0000125c   Section        0  nrfx_uarte.o(i.apply_config)
    apply_config                             0x0000125d   Thumb Code   136  nrfx_uarte.o(i.apply_config)
    i.bsp_board_init                         0x000012e4   Section        0  boards.o(i.bsp_board_init)
    i.bsp_board_led_off                      0x00001338   Section        0  boards.o(i.bsp_board_led_off)
    i.bsp_board_leds_off                     0x00001348   Section        0  boards.o(i.bsp_board_leds_off)
    i.buf_prealloc                           0x0000135c   Section        0  nrf_log_frontend.o(i.buf_prealloc)
    buf_prealloc                             0x0000135d   Thumb Code   132  nrf_log_frontend.o(i.buf_prealloc)
    i.buffer_add                             0x000013e8   Section        0  nrf_fprintf_format.o(i.buffer_add)
    buffer_add                               0x000013e9   Thumb Code    46  nrf_fprintf_format.o(i.buffer_add)
    i.buffer_is_empty                        0x00001418   Section        0  nrf_log_frontend.o(i.buffer_is_empty)
    i.calculate_target_aicc                  0x00001430   Section        0  nrf5_ade9153a.o(i.calculate_target_aicc)
    i.calculate_target_avcc                  0x00001464   Section        0  nrf5_ade9153a.o(i.calculate_target_avcc)
    i.calculate_target_powCC                 0x000014e4   Section        0  nrf5_ade9153a.o(i.calculate_target_powCC)
    i.channel_port_get                       0x00001510   Section        0  nrfx_gpiote.o(i.channel_port_get)
    channel_port_get                         0x00001511   Thumb Code    10  nrfx_gpiote.o(i.channel_port_get)
    i.dropped_sat16_get                      0x00001520   Section        0  nrf_log_frontend.o(i.dropped_sat16_get)
    dropped_sat16_get                        0x00001521   Thumb Code    16  nrf_log_frontend.o(i.dropped_sat16_get)
    i.init_spiADE9153                        0x00001534   Section        0  nrf5_ade9153a.o(i.init_spiADE9153)
    i.int_print                              0x00001584   Section        0  nrf_fprintf_format.o(i.int_print)
    int_print                                0x00001585   Thumb Code   166  nrf_fprintf_format.o(i.int_print)
    i.interrupts_enable                      0x0000162c   Section        0  nrfx_uarte.o(i.interrupts_enable)
    interrupts_enable                        0x0000162d   Thumb Code   132  nrfx_uarte.o(i.interrupts_enable)
    i.invalid_packets_omit                   0x000016b4   Section        0  nrf_log_frontend.o(i.invalid_packets_omit)
    invalid_packets_omit                     0x000016b5   Thumb Code    52  nrf_log_frontend.o(i.invalid_packets_omit)
    i.log_skip                               0x000016e8   Section        0  nrf_log_frontend.o(i.log_skip)
    log_skip                                 0x000016e9   Thumb Code   150  nrf_log_frontend.o(i.log_skip)
    i.main                                   0x0000178c   Section        0  main.o(i.main)
    i.memobj_op                              0x000020e8   Section        0  nrf_memobj.o(i.memobj_op)
    memobj_op                                0x000020e9   Thumb Code   126  nrf_memobj.o(i.memobj_op)
    i.module_idx_get                         0x00002168   Section        0  nrf_log_frontend.o(i.module_idx_get)
    module_idx_get                           0x00002169   Thumb Code    42  nrf_log_frontend.o(i.module_idx_get)
    i.nrf_atomic_flag_clear_fetch            0x00002198   Section        0  nrf_atomic.o(i.nrf_atomic_flag_clear_fetch)
    i.nrf_atomic_flag_set                    0x0000219e   Section        0  nrf_atomic.o(i.nrf_atomic_flag_set)
    i.nrf_atomic_u32_add                     0x000021a4   Section        0  nrf_atomic.o(i.nrf_atomic_u32_add)
    i.nrf_atomic_u32_fetch_and               0x000021b0   Section        0  nrf_atomic.o(i.nrf_atomic_u32_fetch_and)
    i.nrf_atomic_u32_fetch_store             0x000021ba   Section        0  nrf_atomic.o(i.nrf_atomic_u32_fetch_store)
    i.nrf_atomic_u32_or                      0x000021c4   Section        0  nrf_atomic.o(i.nrf_atomic_u32_or)
    i.nrf_atomic_u32_sub                     0x000021d0   Section        0  nrf_atomic.o(i.nrf_atomic_u32_sub)
    i.nrf_balloc_alloc                       0x000021dc   Section        0  nrf_balloc.o(i.nrf_balloc_alloc)
    i.nrf_balloc_free                        0x0000221a   Section        0  nrf_balloc.o(i.nrf_balloc_free)
    i.nrf_balloc_init                        0x00002244   Section        0  nrf_balloc.o(i.nrf_balloc_init)
    i.nrf_bitmask_bit_is_set                 0x00002274   Section        0  nrfx_gpiote.o(i.nrf_bitmask_bit_is_set)
    nrf_bitmask_bit_is_set                   0x00002275   Thumb Code    16  nrfx_gpiote.o(i.nrf_bitmask_bit_is_set)
    i.nrf_delay_ms                           0x00002284   Section        0  main.o(i.nrf_delay_ms)
    nrf_delay_ms                             0x00002285   Thumb Code    28  main.o(i.nrf_delay_ms)
    i.nrf_delay_ms                           0x000022a4   Section        0  nrf5_ade9153a.o(i.nrf_delay_ms)
    nrf_delay_ms                             0x000022a5   Thumb Code    28  nrf5_ade9153a.o(i.nrf_delay_ms)
    i.nrf_drv_spi_init                       0x000022c4   Section        0  nrf_drv_spi.o(i.nrf_drv_spi_init)
    i.nrf_drv_spi_transfer                   0x00002334   Section        0  nrf5_ade9153a.o(i.nrf_drv_spi_transfer)
    nrf_drv_spi_transfer                     0x00002335   Thumb Code    22  nrf5_ade9153a.o(i.nrf_drv_spi_transfer)
    i.nrf_drv_uart_init                      0x0000234c   Section        0  nrf_drv_uart.o(i.nrf_drv_uart_init)
    i.nrf_fprintf                            0x000023b4   Section        0  nrf_fprintf.o(i.nrf_fprintf)
    i.nrf_fprintf_buffer_flush               0x000023ce   Section        0  nrf_fprintf.o(i.nrf_fprintf_buffer_flush)
    i.nrf_fprintf_fmt                        0x000023e6   Section        0  nrf_fprintf_format.o(i.nrf_fprintf_fmt)
    i.nrf_gpio_cfg                           0x000025c0   Section        0  boards.o(i.nrf_gpio_cfg)
    nrf_gpio_cfg                             0x000025c1   Thumb Code    36  boards.o(i.nrf_gpio_cfg)
    i.nrf_gpio_cfg                           0x000025e4   Section        0  nrfx_spim.o(i.nrf_gpio_cfg)
    nrf_gpio_cfg                             0x000025e5   Thumb Code    36  nrfx_spim.o(i.nrf_gpio_cfg)
    i.nrf_gpio_cfg                           0x00002608   Section        0  nrfx_uart.o(i.nrf_gpio_cfg)
    nrf_gpio_cfg                             0x00002609   Thumb Code    36  nrfx_uart.o(i.nrf_gpio_cfg)
    i.nrf_gpio_cfg                           0x0000262c   Section        0  nrfx_uarte.o(i.nrf_gpio_cfg)
    nrf_gpio_cfg                             0x0000262d   Thumb Code    36  nrfx_uarte.o(i.nrf_gpio_cfg)
    i.nrf_gpio_cfg_default                   0x00002650   Section        0  nrfx_uart.o(i.nrf_gpio_cfg_default)
    nrf_gpio_cfg_default                     0x00002651   Thumb Code    18  nrfx_uart.o(i.nrf_gpio_cfg_default)
    i.nrf_gpio_cfg_default                   0x00002662   Section        0  nrfx_uarte.o(i.nrf_gpio_cfg_default)
    nrf_gpio_cfg_default                     0x00002663   Thumb Code    18  nrfx_uarte.o(i.nrf_gpio_cfg_default)
    i.nrf_gpio_cfg_input                     0x00002674   Section        0  nrfx_uart.o(i.nrf_gpio_cfg_input)
    nrf_gpio_cfg_input                       0x00002675   Thumb Code    18  nrfx_uart.o(i.nrf_gpio_cfg_input)
    i.nrf_gpio_cfg_input                     0x00002686   Section        0  nrfx_uarte.o(i.nrf_gpio_cfg_input)
    nrf_gpio_cfg_input                       0x00002687   Thumb Code    18  nrfx_uarte.o(i.nrf_gpio_cfg_input)
    i.nrf_gpio_cfg_output                    0x00002698   Section        0  nrfx_spim.o(i.nrf_gpio_cfg_output)
    nrf_gpio_cfg_output                      0x00002699   Thumb Code    20  nrfx_spim.o(i.nrf_gpio_cfg_output)
    i.nrf_gpio_cfg_output                    0x000026ac   Section        0  nrfx_uart.o(i.nrf_gpio_cfg_output)
    nrf_gpio_cfg_output                      0x000026ad   Thumb Code    20  nrfx_uart.o(i.nrf_gpio_cfg_output)
    i.nrf_gpio_cfg_output                    0x000026c0   Section        0  nrfx_uarte.o(i.nrf_gpio_cfg_output)
    nrf_gpio_cfg_output                      0x000026c1   Thumb Code    20  nrfx_uarte.o(i.nrf_gpio_cfg_output)
    i.nrf_gpio_cfg_sense_set                 0x000026d4   Section        0  nrfx_gpiote.o(i.nrf_gpio_cfg_sense_set)
    nrf_gpio_cfg_sense_set                   0x000026d5   Thumb Code    34  nrfx_gpiote.o(i.nrf_gpio_cfg_sense_set)
    i.nrf_gpio_latches_read_and_clear        0x000026f8   Section        0  nrfx_gpiote.o(i.nrf_gpio_latches_read_and_clear)
    nrf_gpio_latches_read_and_clear          0x000026f9   Thumb Code    38  nrfx_gpiote.o(i.nrf_gpio_latches_read_and_clear)
    i.nrf_gpio_pin_clear                     0x00002724   Section        0  nrfx_spim.o(i.nrf_gpio_pin_clear)
    nrf_gpio_pin_clear                       0x00002725   Thumb Code    14  nrfx_spim.o(i.nrf_gpio_pin_clear)
    i.nrf_gpio_pin_set                       0x00002732   Section        0  nrfx_spim.o(i.nrf_gpio_pin_set)
    nrf_gpio_pin_set                         0x00002733   Thumb Code    14  nrfx_spim.o(i.nrf_gpio_pin_set)
    i.nrf_gpio_pin_write                     0x00002740   Section        0  boards.o(i.nrf_gpio_pin_write)
    nrf_gpio_pin_write                       0x00002741   Thumb Code    22  boards.o(i.nrf_gpio_pin_write)
    i.nrf_gpiote_event_clear                 0x00002758   Section        0  nrfx_gpiote.o(i.nrf_gpiote_event_clear)
    nrf_gpiote_event_clear                   0x00002759   Thumb Code    16  nrfx_gpiote.o(i.nrf_gpiote_event_clear)
    i.nrf_gpiote_event_is_set                0x0000276c   Section        0  nrfx_gpiote.o(i.nrf_gpiote_event_is_set)
    nrf_gpiote_event_is_set                  0x0000276d   Thumb Code    12  nrfx_gpiote.o(i.nrf_gpiote_event_is_set)
    i.nrf_log_backend_add                    0x0000277c   Section        0  nrf_log_frontend.o(i.nrf_log_backend_add)
    i.nrf_log_backend_serial_put             0x000027d8   Section        0  nrf_log_backend_serial.o(i.nrf_log_backend_serial_put)
    i.nrf_log_backend_uart_flush             0x000028a0   Section        0  nrf_log_backend_uart.o(i.nrf_log_backend_uart_flush)
    nrf_log_backend_uart_flush               0x000028a1   Thumb Code     2  nrf_log_backend_uart.o(i.nrf_log_backend_uart_flush)
    i.nrf_log_backend_uart_init              0x000028a2   Section        0  nrf_log_backend_uart.o(i.nrf_log_backend_uart_init)
    i.nrf_log_backend_uart_panic_set         0x000028a8   Section        0  nrf_log_backend_uart.o(i.nrf_log_backend_uart_panic_set)
    nrf_log_backend_uart_panic_set           0x000028a9   Thumb Code    36  nrf_log_backend_uart.o(i.nrf_log_backend_uart_panic_set)
    i.nrf_log_backend_uart_put               0x000028d4   Section        0  nrf_log_backend_uart.o(i.nrf_log_backend_uart_put)
    nrf_log_backend_uart_put                 0x000028d5   Thumb Code    16  nrf_log_backend_uart.o(i.nrf_log_backend_uart_put)
    i.nrf_log_color_id_get                   0x000028ec   Section        0  nrf_log_frontend.o(i.nrf_log_color_id_get)
    i.nrf_log_default_backends_init          0x0000291c   Section        0  nrf_log_default_backends.o(i.nrf_log_default_backends_init)
    i.nrf_log_frontend_dequeue               0x00002938   Section        0  nrf_log_frontend.o(i.nrf_log_frontend_dequeue)
    i.nrf_log_frontend_std_0                 0x00002b6c   Section        0  nrf_log_frontend.o(i.nrf_log_frontend_std_0)
    i.nrf_log_frontend_std_1                 0x00002b74   Section        0  nrf_log_frontend.o(i.nrf_log_frontend_std_1)
    i.nrf_log_frontend_std_2                 0x00002b82   Section        0  nrf_log_frontend.o(i.nrf_log_frontend_std_2)
    i.nrf_log_frontend_std_3                 0x00002b92   Section        0  nrf_log_frontend.o(i.nrf_log_frontend_std_3)
    i.nrf_log_frontend_std_4                 0x00002ba4   Section        0  nrf_log_frontend.o(i.nrf_log_frontend_std_4)
    i.nrf_log_hexdump_entry_process          0x00002bb8   Section        0  nrf_log_str_formatter.o(i.nrf_log_hexdump_entry_process)
    i.nrf_log_init                           0x00002c68   Section        0  nrf_log_frontend.o(i.nrf_log_init)
    i.nrf_log_module_cnt_get                 0x00002c90   Section        0  nrf_log_frontend.o(i.nrf_log_module_cnt_get)
    i.nrf_log_module_name_get                0x00002ca4   Section        0  nrf_log_frontend.o(i.nrf_log_module_name_get)
    i.nrf_log_panic                          0x00002cc0   Section        0  nrf_log_frontend.o(i.nrf_log_panic)
    i.nrf_log_std_entry_process              0x00002ce8   Section        0  nrf_log_str_formatter.o(i.nrf_log_std_entry_process)
    i.nrf_memobj_alloc                       0x00002d9e   Section        0  nrf_memobj.o(i.nrf_memobj_alloc)
    i.nrf_memobj_free                        0x00002dfe   Section        0  nrf_memobj.o(i.nrf_memobj_free)
    i.nrf_memobj_get                         0x00002e30   Section        0  nrf_memobj.o(i.nrf_memobj_get)
    i.nrf_memobj_pool_init                   0x00002e38   Section        0  nrf_memobj.o(i.nrf_memobj_pool_init)
    i.nrf_memobj_put                         0x00002e3c   Section        0  nrf_memobj.o(i.nrf_memobj_put)
    i.nrf_memobj_read                        0x00002e5a   Section        0  nrf_memobj.o(i.nrf_memobj_read)
    i.nrf_memobj_write                       0x00002e6a   Section        0  nrf_memobj.o(i.nrf_memobj_write)
    i.nrf_ringbuf_init                       0x00002e7a   Section        0  nrf_ringbuf.o(i.nrf_ringbuf_init)
    i.nrf_spim_event_check                   0x00002e96   Section        0  nrfx_spim.o(i.nrf_spim_event_check)
    nrf_spim_event_check                     0x00002e97   Thumb Code    10  nrfx_spim.o(i.nrf_spim_event_check)
    i.nrf_uart_event_check                   0x00002ea0   Section        0  nrfx_uart.o(i.nrf_uart_event_check)
    nrf_uart_event_check                     0x00002ea1   Thumb Code    10  nrfx_uart.o(i.nrf_uart_event_check)
    i.nrf_uart_event_clear                   0x00002eaa   Section        0  nrfx_uart.o(i.nrf_uart_event_clear)
    nrf_uart_event_clear                     0x00002eab   Thumb Code    12  nrfx_uart.o(i.nrf_uart_event_clear)
    i.nrf_uart_int_enable_check              0x00002eb6   Section        0  nrfx_uart.o(i.nrf_uart_int_enable_check)
    nrf_uart_int_enable_check                0x00002eb7   Thumb Code    12  nrfx_uart.o(i.nrf_uart_int_enable_check)
    i.nrf_uarte_event_check                  0x00002ec2   Section        0  nrfx_uarte.o(i.nrf_uarte_event_check)
    nrf_uarte_event_check                    0x00002ec3   Thumb Code    10  nrfx_uarte.o(i.nrf_uarte_event_check)
    i.nrf_uarte_event_clear                  0x00002ecc   Section        0  nrfx_uarte.o(i.nrf_uarte_event_clear)
    nrf_uarte_event_clear                    0x00002ecd   Thumb Code    12  nrfx_uarte.o(i.nrf_uarte_event_clear)
    i.nrfx_is_in_ram                         0x00002ed8   Section        0  nrfx_spim.o(i.nrfx_is_in_ram)
    nrfx_is_in_ram                           0x00002ed9   Thumb Code    16  nrfx_spim.o(i.nrfx_is_in_ram)
    i.nrfx_is_in_ram                         0x00002ee8   Section        0  nrfx_uarte.o(i.nrfx_is_in_ram)
    nrfx_is_in_ram                           0x00002ee9   Thumb Code    16  nrfx_uarte.o(i.nrfx_is_in_ram)
    i.nrfx_prs_acquire                       0x00002ef8   Section        0  nrfx_prs.o(i.nrfx_prs_acquire)
    i.nrfx_prs_release                       0x00002f28   Section        0  nrfx_prs.o(i.nrfx_prs_release)
    i.nrfx_spim_init                         0x00002f3c   Section        0  nrfx_spim.o(i.nrfx_spim_init)
    i.nrfx_spim_xfer                         0x000030a8   Section        0  nrfx_spim.o(i.nrfx_spim_xfer)
    i.nrfx_uart_0_irq_handler                0x0000310c   Section        0  nrfx_uart.o(i.nrfx_uart_0_irq_handler)
    i.nrfx_uart_init                         0x0000311c   Section        0  nrfx_uart.o(i.nrfx_uart_init)
    i.nrfx_uart_tx                           0x000031f0   Section        0  nrfx_uart.o(i.nrfx_uart_tx)
    i.nrfx_uart_tx_in_progress               0x00003298   Section        0  nrfx_uart.o(i.nrfx_uart_tx_in_progress)
    i.nrfx_uart_uninit                       0x000032b8   Section        0  nrfx_uart.o(i.nrfx_uart_uninit)
    i.nrfx_uarte_0_irq_handler               0x00003378   Section        0  nrfx_uarte.o(i.nrfx_uarte_0_irq_handler)
    i.nrfx_uarte_init                        0x00003388   Section        0  nrfx_uarte.o(i.nrfx_uarte_init)
    i.nrfx_uarte_tx                          0x000033f4   Section        0  nrfx_uarte.o(i.nrfx_uarte_tx)
    i.nrfx_uarte_tx_in_progress              0x000034a0   Section        0  nrfx_uarte.o(i.nrfx_uarte_tx_in_progress)
    i.nrfx_uarte_uninit                      0x000034bc   Section        0  nrfx_uarte.o(i.nrfx_uarte_uninit)
    i.port_event_handle                      0x000035c4   Section        0  nrfx_gpiote.o(i.port_event_handle)
    port_event_handle                        0x000035c5   Thumb Code   176  nrfx_gpiote.o(i.port_event_handle)
    i.port_handler_polarity_get              0x00003678   Section        0  nrfx_gpiote.o(i.port_handler_polarity_get)
    port_handler_polarity_get                0x00003679   Thumb Code    12  nrfx_gpiote.o(i.port_handler_polarity_get)
    i.postfix_process                        0x00003688   Section        0  nrf_log_str_formatter.o(i.postfix_process)
    postfix_process                          0x00003689   Thumb Code    48  nrf_log_str_formatter.o(i.postfix_process)
    i.prefix_process                         0x000036c4   Section        0  nrf_log_str_formatter.o(i.prefix_process)
    prefix_process                           0x000036c5   Thumb Code    90  nrf_log_str_formatter.o(i.prefix_process)
    i.prs_box_get                            0x0000375c   Section        0  nrfx_prs.o(i.prs_box_get)
    prs_box_get                              0x0000375d   Thumb Code    14  nrfx_prs.o(i.prs_box_get)
    i.rx_byte                                0x00003774   Section        0  nrfx_uart.o(i.rx_byte)
    rx_byte                                  0x00003775   Thumb Code    50  nrfx_uart.o(i.rx_byte)
    i.rx_done_event                          0x000037a6   Section        0  nrfx_uart.o(i.rx_done_event)
    rx_done_event                            0x000037a7   Thumb Code    22  nrfx_uart.o(i.rx_done_event)
    i.rx_done_event                          0x000037bc   Section        0  nrfx_uarte.o(i.rx_done_event)
    rx_done_event                            0x000037bd   Thumb Code    22  nrfx_uarte.o(i.rx_done_event)
    i.serial_tx                              0x000037d4   Section        0  nrf_log_backend_uart.o(i.serial_tx)
    serial_tx                                0x000037d5   Thumb Code    54  nrf_log_backend_uart.o(i.serial_tx)
    i.spi_event_handler                      0x00003814   Section        0  nrf5_ade9153a.o(i.spi_event_handler)
    i.spi_read16                             0x00003820   Section        0  nrf5_ade9153a.o(i.spi_read16)
    i.spi_read32                             0x00003870   Section        0  nrf5_ade9153a.o(i.spi_read32)
    i.spi_write16                            0x000038d4   Section        0  nrf5_ade9153a.o(i.spi_write16)
    i.spi_write32                            0x00003924   Section        0  nrf5_ade9153a.o(i.spi_write32)
    i.spim_evt_handler                       0x00003984   Section        0  nrf_drv_spi.o(i.spim_evt_handler)
    spim_evt_handler                         0x00003985   Thumb Code    52  nrf_drv_spi.o(i.spim_evt_handler)
    i.spim_xfer                              0x000039bc   Section        0  nrfx_spim.o(i.spim_xfer)
    spim_xfer                                0x000039bd   Thumb Code   188  nrfx_spim.o(i.spim_xfer)
    i.std_n                                  0x00003a78   Section        0  nrf_log_frontend.o(i.std_n)
    std_n                                    0x00003a79   Thumb Code   140  nrf_log_frontend.o(i.std_n)
    i.tx_byte                                0x00003b0c   Section        0  nrfx_uart.o(i.tx_byte)
    tx_byte                                  0x00003b0d   Thumb Code    32  nrfx_uart.o(i.tx_byte)
    i.tx_done_event                          0x00003b2c   Section        0  nrfx_uart.o(i.tx_done_event)
    tx_done_event                            0x00003b2d   Thumb Code    26  nrfx_uart.o(i.tx_done_event)
    i.tx_done_event                          0x00003b46   Section        0  nrfx_uarte.o(i.tx_done_event)
    tx_done_event                            0x00003b47   Thumb Code    26  nrfx_uarte.o(i.tx_done_event)
    i.uart_evt_handler                       0x00003b60   Section        0  nrf_drv_uart.o(i.uart_evt_handler)
    uart_evt_handler                         0x00003b61   Thumb Code    42  nrf_drv_uart.o(i.uart_evt_handler)
    i.uart_evt_handler                       0x00003b90   Section        0  nrf_log_backend_uart.o(i.uart_evt_handler)
    uart_evt_handler                         0x00003b91   Thumb Code     8  nrf_log_backend_uart.o(i.uart_evt_handler)
    i.uart_init                              0x00003b9c   Section        0  nrf_log_backend_uart.o(i.uart_init)
    uart_init                                0x00003b9d   Thumb Code    66  nrf_log_backend_uart.o(i.uart_init)
    i.uart_irq_handler                       0x00003bec   Section        0  nrfx_uart.o(i.uart_irq_handler)
    uart_irq_handler                         0x00003bed   Thumb Code   298  nrfx_uart.o(i.uart_irq_handler)
    i.uarte_evt_handler                      0x00003d18   Section        0  nrf_drv_uart.o(i.uarte_evt_handler)
    uarte_evt_handler                        0x00003d19   Thumb Code    42  nrf_drv_uart.o(i.uarte_evt_handler)
    i.uarte_irq_handler                      0x00003d48   Section        0  nrfx_uarte.o(i.uarte_irq_handler)
    uarte_irq_handler                        0x00003d49   Thumb Code   274  nrfx_uarte.o(i.uarte_irq_handler)
    i.unsigned_print                         0x00003e5c   Section        0  nrf_fprintf_format.o(i.unsigned_print)
    unsigned_print                           0x00003e5d   Thumb Code   176  nrf_fprintf_format.o(i.unsigned_print)
    .constdata                               0x00003f10   Section        6  main.o(.constdata)
    delay_machine_code                       0x00003f10   Data           6  main.o(.constdata)
    .constdata                               0x00003f16   Section        8  boards.o(.constdata)
    m_board_led_list                         0x00003f16   Data           4  boards.o(.constdata)
    m_board_btn_list                         0x00003f1a   Data           4  boards.o(.constdata)
    .constdata                               0x00003f20   Section       16  nrf_drv_spi.o(.constdata)
    .constdata                               0x00003f30   Section        4  nrfx_gpiote.o(.constdata)
    .constdata                               0x00003f34   Section        4  nrfx_spim.o(.constdata)
    irq_handlers                             0x00003f34   Data           4  nrfx_spim.o(.constdata)
    .constdata                               0x00003f38   Section        4  nrfx_uart.o(.constdata)
    irq_handlers                             0x00003f38   Data           4  nrfx_uart.o(.constdata)
    .constdata                               0x00003f3c   Section        4  nrfx_uarte.o(.constdata)
    irq_handlers                             0x00003f3c   Data           4  nrfx_uarte.o(.constdata)
    .constdata                               0x00003f40   Section       16  nrf_fprintf_format.o(.constdata)
    _aV2C                                    0x00003f40   Data          16  nrf_fprintf_format.o(.constdata)
    .constdata                               0x00003f50   Section       12  nrf_log_backend_uart.o(.constdata)
    .constdata                               0x00003f5c   Section       32  nrf_log_backend_uart.o(.constdata)
    .constdata                               0x00003f7c   Section       12  nrf_log_frontend.o(.constdata)
    m_log_push_ringbuf                       0x00003f7c   Data          12  nrf_log_frontend.o(.constdata)
    .constdata                               0x00003f90   Section       40  nrf5_ade9153a.o(.constdata)
    delay_machine_code                       0x00003f90   Data           6  nrf5_ade9153a.o(.constdata)
    spi                                      0x00003f98   Data          16  nrf5_ade9153a.o(.constdata)
    .constdata                               0x00003fb8   Section      129  ctype_o.o(.constdata)
    .constdata                               0x0000403c   Section        4  ctype_o.o(.constdata)
    table                                    0x0000403c   Data           4  ctype_o.o(.constdata)
    .conststring                             0x00004040   Section      102  nrf_log_str_formatter.o(.conststring)
    .conststrlit                             0x000040a8   Section        7  nrfx_gpiote.o(.conststrlit)
    .conststrlit                             0x000040b0   Section        4  nrfx_prs.o(.conststrlit)
    .conststrlit                             0x000040b4   Section        5  nrfx_spim.o(.conststrlit)
    .conststrlit                             0x000040bc   Section        5  nrfx_uart.o(.conststrlit)
    .conststrlit                             0x000040c4   Section        6  nrfx_uarte.o(.conststrlit)
    .conststrlit                             0x000040cc   Section       11  app_button.o(.conststrlit)
    .conststrlit                             0x000040d8   Section       10  app_timer2.o(.conststrlit)
    .conststrlit                             0x000040e4   Section        9  nrf_sortlist.o(.conststrlit)
    .conststrlit                             0x000040f0   Section       17  nrf_log_default_backends.o(.conststrlit)
    .conststrlit                             0x00004104   Section        4  nrf_log_frontend.o(.conststrlit)
    log_backends                             0x00004128   Section       16  nrf_log_default_backends.o(log_backends)
    __tagsym$$used                           0x00004128   Number         0  nrf_log_default_backends.o(log_backends)
    uart_log_backend                         0x00004128   Data          16  nrf_log_default_backends.o(log_backends)
    log_const_data                           0x00004138   Section        8  nrfx_gpiote.o(log_const_data)
    __tagsym$$used                           0x00004138   Number         0  nrfx_gpiote.o(log_const_data)
    log_const_data                           0x00004140   Section        8  nrfx_prs.o(log_const_data)
    __tagsym$$used                           0x00004140   Number         0  nrfx_prs.o(log_const_data)
    log_const_data                           0x00004148   Section        8  nrfx_spim.o(log_const_data)
    __tagsym$$used                           0x00004148   Number         0  nrfx_spim.o(log_const_data)
    log_const_data                           0x00004150   Section        8  nrfx_uart.o(log_const_data)
    __tagsym$$used                           0x00004150   Number         0  nrfx_uart.o(log_const_data)
    log_const_data                           0x00004158   Section        8  nrfx_uarte.o(log_const_data)
    __tagsym$$used                           0x00004158   Number         0  nrfx_uarte.o(log_const_data)
    log_const_data                           0x00004160   Section        8  app_button.o(log_const_data)
    __tagsym$$used                           0x00004160   Number         0  app_button.o(log_const_data)
    log_const_data                           0x00004168   Section        8  app_timer2.o(log_const_data)
    __tagsym$$used                           0x00004168   Number         0  app_timer2.o(log_const_data)
    log_const_data                           0x00004170   Section        8  nrf_sortlist.o(log_const_data)
    __tagsym$$used                           0x00004170   Number         0  nrf_sortlist.o(log_const_data)
    log_const_data                           0x00004178   Section        8  nrf_log_frontend.o(log_const_data)
    __tagsym$$used                           0x00004178   Number         0  nrf_log_frontend.o(log_const_data)
    nrf_balloc                               0x00004180   Section       20  nrf_log_frontend.o(nrf_balloc)
    __tagsym$$used                           0x00004180   Number         0  nrf_log_frontend.o(nrf_balloc)
    .data                                    0x20000000   Section        8  main.o(.data)
    .data                                    0x20000008   Section       12  nrf_drv_uart.o(.data)
    m_handlers                               0x2000000c   Data           4  nrf_drv_uart.o(.data)
    m_contexts                               0x20000010   Data           4  nrf_drv_uart.o(.data)
    .data                                    0x20000014   Section        8  nrfx_prs.o(.data)
    m_prs_box_4                              0x20000014   Data           8  nrfx_prs.o(.data)
    .data                                    0x2000001c   Section        4  app_util_platform.o(.data)
    m_in_critical_region                     0x2000001c   Data           4  app_util_platform.o(.data)
    .data                                    0x20000020   Section       12  drv_rtc.o(.data)
    m_handlers                               0x20000020   Data           4  drv_rtc.o(.data)
    m_cb                                     0x20000024   Data           8  drv_rtc.o(.data)
    .data                                    0x2000002c   Section       24  nrf_log_backend_uart.o(.data)
    m_xfer_done                              0x2000002c   Data           1  nrf_log_backend_uart.o(.data)
    m_async_mode                             0x2000002d   Data           1  nrf_log_backend_uart.o(.data)
    .data                                    0x20000044   Section        8  nrf_log_default_backends.o(.data)
    log_backend_cb_uart_log_backend          0x20000044   Data           8  nrf_log_default_backends.o(.data)
    .data                                    0x2000004c   Section        4  nrf_log_frontend.o(.data)
    m_buffer_mask                            0x2000004c   Data           4  nrf_log_frontend.o(.data)
    .data                                    0x20000050   Section        8  nrf_log_frontend.o(.data)
    log_mempool_nrf_balloc_pool_stack        0x20000050   Data           8  nrf_log_frontend.o(.data)
    .data                                    0x20000058   Section        8  nrf_log_frontend.o(.data)
    log_mempool_nrf_balloc_cb                0x20000058   Data           8  nrf_log_frontend.o(.data)
    .data                                    0x20000060   Section       64  nrf_log_str_formatter.o(.data)
    m_freq                                   0x20000060   Data           4  nrf_log_str_formatter.o(.data)
    m_timestamp_div                          0x20000064   Data           4  nrf_log_str_formatter.o(.data)
    severity_names                           0x20000068   Data          20  nrf_log_str_formatter.o(.data)
    m_colors                                 0x2000007c   Data          36  nrf_log_str_formatter.o(.data)
    .data                                    0x200000a0   Section        2  nrf5_ade9153a.o(.data)
    initReset                                0x200000a0   Data           1  nrf5_ade9153a.o(.data)
    spi_xfer_done                            0x200000a1   Data           1  nrf5_ade9153a.o(.data)
    .data                                    0x200000a4   Section        4  system_nrf52.o(.data)
    __tagsym$$used                           0x200000a4   Number         0  system_nrf52.o(.data)
    .bss                                     0x200000a8   Section      100  main.o(.bss)
    .bss                                     0x2000010c   Section       24  nrf_drv_spi.o(.bss)
    m_handlers                               0x2000010c   Data          12  nrf_drv_spi.o(.bss)
    m_contexts                               0x20000118   Data          12  nrf_drv_spi.o(.bss)
    .bss                                     0x20000124   Section       92  nrfx_gpiote.o(.bss)
    m_cb                                     0x20000124   Data          92  nrfx_gpiote.o(.bss)
    .bss                                     0x20000180   Section       36  nrfx_spim.o(.bss)
    m_cb                                     0x20000180   Data          36  nrfx_spim.o(.bss)
    .bss                                     0x200001a4   Section       44  nrfx_uart.o(.bss)
    m_cb                                     0x200001a4   Data          44  nrfx_uart.o(.bss)
    .bss                                     0x200001d0   Section       36  nrfx_uarte.o(.bss)
    m_cb                                     0x200001d0   Data          36  nrfx_uarte.o(.bss)
    .bss                                     0x200001f4   Section       64  nrf_log_backend_uart.o(.bss)
    m_string_buff                            0x200001f4   Data          64  nrf_log_backend_uart.o(.bss)
    .bss                                     0x20000234   Section      192  nrf_log_frontend.o(.bss)
    log_mempool_nrf_balloc_pool_mem          0x20000234   Data         192  nrf_log_frontend.o(.bss)
    .bss                                     0x200002f4   Section      128  nrf_log_frontend.o(.bss)
    m_log_push_ringbuf_buf                   0x200002f4   Data         128  nrf_log_frontend.o(.bss)
    .bss                                     0x20000374   Section       24  nrf_log_frontend.o(.bss)
    m_log_push_ringbuf_cb                    0x20000374   Data          24  nrf_log_frontend.o(.bss)
    .bss                                     0x2000038c   Section     1056  nrf_log_frontend.o(.bss)
    m_log_data                               0x2000038c   Data        1056  nrf_log_frontend.o(.bss)
    STACK                                    0x200007b0   Section     8192  arm_startup_nrf52.o(STACK)

    Global Symbols

    Symbol Name                              Value     Ov Type        Size  Object(Section)

    BuildAttributes$$THM_ISAv4$E$P$D$K$B$S$7EM$VFPi3$EXTD16$VFPS$VFMA$PE$A:L22UL41UL21$X:L11$S22US41US21$IEEE1$IW$USESV6$~STKCKD$USESV7$~SHL$OTIME$ROPI$EBA8$MICROLIB$REQ8$EABIv2 0x00000000   Number         0  anon$$obj.o ABSOLUTE
    __ARM_use_no_argv                        0x00000000   Number         0  main.o ABSOLUTE
    __Vectors                                0x00000000   Data           4  arm_startup_nrf52.o(RESET)
    __use_no_errno                           0x00000000   Number         0  useno.o ABSOLUTE
    __use_no_exception_handling              0x00000000   Number         0  useno.o ABSOLUTE
    __use_no_fp                              0x00000000   Number         0  useno.o ABSOLUTE
    __use_no_heap                            0x00000000   Number         0  useno.o ABSOLUTE
    __use_no_heap_region                     0x00000000   Number         0  useno.o ABSOLUTE
    __use_no_semihosting                     0x00000000   Number         0  useno.o ABSOLUTE
    __use_no_semihosting_swi                 0x00000000   Number         0  useno.o ABSOLUTE
    __use_no_signal_handling                 0x00000000   Number         0  useno.o ABSOLUTE
    __cpp_initialize__aeabi_                  - Undefined Weak Reference
    __cxa_finalize                            - Undefined Weak Reference
    __decompress                              - Undefined Weak Reference
    _clock_init                               - Undefined Weak Reference
    _microlib_exit                            - Undefined Weak Reference
    log_dynamic_data$$Base                    - Undefined Reference
    __Vectors_End                            0x00000200   Data           0  arm_startup_nrf52.o(RESET)
    __Vectors_Size                           0x00000200   Number         0  arm_startup_nrf52.o ABSOLUTE
    __main                                   0x00000201   Thumb Code     0  entry.o(.ARM.Collect$$$$00000000)
    _main_stk                                0x00000201   Thumb Code     0  entry2.o(.ARM.Collect$$$$00000001)
    _main_scatterload                        0x00000205   Thumb Code     0  entry5.o(.ARM.Collect$$$$00000004)
    __main_after_scatterload                 0x00000209   Thumb Code     0  entry5.o(.ARM.Collect$$$$00000004)
    _main_clock                              0x00000209   Thumb Code     0  entry7b.o(.ARM.Collect$$$$00000008)
    _main_cpp_init                           0x00000209   Thumb Code     0  entry8b.o(.ARM.Collect$$$$0000000A)
    _main_init                               0x00000209   Thumb Code     0  entry9a.o(.ARM.Collect$$$$0000000B)
    __rt_final_cpp                           0x00000211   Thumb Code     0  entry10a.o(.ARM.Collect$$$$0000000D)
    __rt_final_exit                          0x00000211   Thumb Code     0  entry11a.o(.ARM.Collect$$$$0000000F)
    __asm___12_nrf_atomic_c_85ca2469__nrf_atomic_internal_mov 0x00000215   Thumb Code    24  nrf_atomic.o(.emb_text)
    __asm___12_nrf_atomic_c_85ca2469__nrf_atomic_internal_orr 0x0000022d   Thumb Code    26  nrf_atomic.o(.emb_text)
    __asm___12_nrf_atomic_c_85ca2469__nrf_atomic_internal_and 0x00000247   Thumb Code    26  nrf_atomic.o(.emb_text)
    __asm___12_nrf_atomic_c_85ca2469__nrf_atomic_internal_eor 0x00000261   Thumb Code    26  nrf_atomic.o(.emb_text)
    __asm___12_nrf_atomic_c_85ca2469__nrf_atomic_internal_add 0x0000027b   Thumb Code    26  nrf_atomic.o(.emb_text)
    __asm___12_nrf_atomic_c_85ca2469__nrf_atomic_internal_sub 0x00000295   Thumb Code    26  nrf_atomic.o(.emb_text)
    __asm___12_nrf_atomic_c_85ca2469__nrf_atomic_internal_cmp_exch 0x000002af   Thumb Code    42  nrf_atomic.o(.emb_text)
    __asm___12_nrf_atomic_c_85ca2469__nrf_atomic_internal_sub_hs 0x000002d9   Thumb Code    30  nrf_atomic.o(.emb_text)
    Reset_Handler                            0x000002f9   Thumb Code     8  arm_startup_nrf52.o(.text)
    NMI_Handler                              0x00000301   Thumb Code     2  arm_startup_nrf52.o(.text)
    HardFault_Handler                        0x00000303   Thumb Code     2  arm_startup_nrf52.o(.text)
    MemoryManagement_Handler                 0x00000305   Thumb Code     2  arm_startup_nrf52.o(.text)
    BusFault_Handler                         0x00000307   Thumb Code     2  arm_startup_nrf52.o(.text)
    UsageFault_Handler                       0x00000309   Thumb Code     2  arm_startup_nrf52.o(.text)
    SVC_Handler                              0x0000030b   Thumb Code     2  arm_startup_nrf52.o(.text)
    DebugMon_Handler                         0x0000030d   Thumb Code     2  arm_startup_nrf52.o(.text)
    PendSV_Handler                           0x0000030f   Thumb Code     2  arm_startup_nrf52.o(.text)
    SysTick_Handler                          0x00000311   Thumb Code     2  arm_startup_nrf52.o(.text)
    CCM_AAR_IRQHandler                       0x00000313   Thumb Code     0  arm_startup_nrf52.o(.text)
    COMP_LPCOMP_IRQHandler                   0x00000313   Thumb Code     0  arm_startup_nrf52.o(.text)
    ECB_IRQHandler                           0x00000313   Thumb Code     0  arm_startup_nrf52.o(.text)
    FPU_IRQHandler                           0x00000313   Thumb Code     0  arm_startup_nrf52.o(.text)
    I2S_IRQHandler                           0x00000313   Thumb Code     0  arm_startup_nrf52.o(.text)
    MWU_IRQHandler                           0x00000313   Thumb Code     0  arm_startup_nrf52.o(.text)
    NFCT_IRQHandler                          0x00000313   Thumb Code     0  arm_startup_nrf52.o(.text)
    PDM_IRQHandler                           0x00000313   Thumb Code     0  arm_startup_nrf52.o(.text)
    POWER_CLOCK_IRQHandler                   0x00000313   Thumb Code     0  arm_startup_nrf52.o(.text)
    PWM0_IRQHandler                          0x00000313   Thumb Code     0  arm_startup_nrf52.o(.text)
    PWM1_IRQHandler                          0x00000313   Thumb Code     0  arm_startup_nrf52.o(.text)
    PWM2_IRQHandler                          0x00000313   Thumb Code     0  arm_startup_nrf52.o(.text)
    QDEC_IRQHandler                          0x00000313   Thumb Code     0  arm_startup_nrf52.o(.text)
    RADIO_IRQHandler                         0x00000313   Thumb Code     0  arm_startup_nrf52.o(.text)
    RNG_IRQHandler                           0x00000313   Thumb Code     0  arm_startup_nrf52.o(.text)
    RTC0_IRQHandler                          0x00000313   Thumb Code     0  arm_startup_nrf52.o(.text)
    RTC2_IRQHandler                          0x00000313   Thumb Code     0  arm_startup_nrf52.o(.text)
    SAADC_IRQHandler                         0x00000313   Thumb Code     0  arm_startup_nrf52.o(.text)
    SPIM1_SPIS1_TWIM1_TWIS1_SPI1_TWI1_IRQHandler 0x00000313   Thumb Code     0  arm_startup_nrf52.o(.text)
    SPIM2_SPIS2_SPI2_IRQHandler              0x00000313   Thumb Code     0  arm_startup_nrf52.o(.text)
    SWI0_EGU0_IRQHandler                     0x00000313   Thumb Code     0  arm_startup_nrf52.o(.text)
    SWI1_EGU1_IRQHandler                     0x00000313   Thumb Code     0  arm_startup_nrf52.o(.text)
    SWI2_EGU2_IRQHandler                     0x00000313   Thumb Code     0  arm_startup_nrf52.o(.text)
    SWI3_EGU3_IRQHandler                     0x00000313   Thumb Code     0  arm_startup_nrf52.o(.text)
    SWI4_EGU4_IRQHandler                     0x00000313   Thumb Code     0  arm_startup_nrf52.o(.text)
    SWI5_EGU5_IRQHandler                     0x00000313   Thumb Code     0  arm_startup_nrf52.o(.text)
    TEMP_IRQHandler                          0x00000313   Thumb Code     0  arm_startup_nrf52.o(.text)
    TIMER0_IRQHandler                        0x00000313   Thumb Code     0  arm_startup_nrf52.o(.text)
    TIMER1_IRQHandler                        0x00000313   Thumb Code     0  arm_startup_nrf52.o(.text)
    TIMER2_IRQHandler                        0x00000313   Thumb Code     0  arm_startup_nrf52.o(.text)
    TIMER3_IRQHandler                        0x00000313   Thumb Code     0  arm_startup_nrf52.o(.text)
    TIMER4_IRQHandler                        0x00000313   Thumb Code     0  arm_startup_nrf52.o(.text)
    WDT_IRQHandler                           0x00000313   Thumb Code     0  arm_startup_nrf52.o(.text)
    __aeabi_llsl                             0x0000031d   Thumb Code    30  llshl.o(.text)
    _ll_shift_l                              0x0000031d   Thumb Code     0  llshl.o(.text)
    __rt_ctype_table                         0x0000033d   Thumb Code     4  ctype_o.o(.text)
    __aeabi_memcpy                           0x00000345   Thumb Code    36  memcpya.o(.text)
    __aeabi_memcpy4                          0x00000345   Thumb Code     0  memcpya.o(.text)
    __aeabi_memcpy8                          0x00000345   Thumb Code     0  memcpya.o(.text)
    __aeabi_memset                           0x00000369   Thumb Code    14  memseta.o(.text)
    __aeabi_memset4                          0x00000369   Thumb Code     0  memseta.o(.text)
    __aeabi_memset8                          0x00000369   Thumb Code     0  memseta.o(.text)
    __aeabi_memclr                           0x00000377   Thumb Code     4  memseta.o(.text)
    __aeabi_memclr4                          0x00000377   Thumb Code     0  memseta.o(.text)
    __aeabi_memclr8                          0x00000377   Thumb Code     0  memseta.o(.text)
    _memset$wrapper                          0x0000037b   Thumb Code    18  memseta.o(.text)
    strlen                                   0x0000038d   Thumb Code    14  strlen.o(.text)
    __aeabi_dmul                             0x0000039b   Thumb Code   228  dmul.o(.text)
    __aeabi_ddiv                             0x0000047f   Thumb Code   222  ddiv.o(.text)
    __aeabi_f2d                              0x0000055d   Thumb Code    38  f2d.o(.text)
    __aeabi_d2f                              0x00000583   Thumb Code    56  d2f.o(.text)
    __aeabi_llsr                             0x000005bb   Thumb Code    32  llushr.o(.text)
    _ll_ushift_r                             0x000005bb   Thumb Code     0  llushr.o(.text)
    __I$use$fp                               0x000005db   Thumb Code     0  iusefp.o(.text)
    _float_round                             0x000005db   Thumb Code    18  fepilogue.o(.text)
    _float_epilogue                          0x000005ed   Thumb Code    92  fepilogue.o(.text)
    _double_round                            0x00000649   Thumb Code    30  depilogue.o(.text)
    _double_epilogue                         0x00000667   Thumb Code   156  depilogue.o(.text)
    __scatterload                            0x00000705   Thumb Code    28  init.o(.text)
    __scatterload_rt2                        0x00000705   Thumb Code     0  init.o(.text)
    ADE9153_AIGainCFG                        0x00000729   Thumb Code    70  nrf5_ade9153a.o(i.ADE9153_AIGainCFG)
    ADE9153_AVGainCFG                        0x00000791   Thumb Code    64  nrf5_ade9153a.o(i.ADE9153_AVGainCFG)
    ADE9153_acal_AINormal                    0x000007e9   Thumb Code    54  nrf5_ade9153a.o(i.ADE9153_acal_AINormal)
    ADE9153_acal_AV                          0x00000839   Thumb Code    54  nrf5_ade9153a.o(i.ADE9153_acal_AV)
    ADE9153_acal_result                      0x00000889   Thumb Code   324  nrf5_ade9153a.o(i.ADE9153_acal_result)
    ADE9153_acal_stop                        0x00000a6d   Thumb Code     8  nrf5_ade9153a.o(i.ADE9153_acal_stop)
    ADE9153_initCFG                          0x00000a75   Thumb Code   104  nrf5_ade9153a.o(i.ADE9153_initCFG)
    ADE9153_read_PQRegs                      0x00000ae1   Thumb Code   152  nrf5_ade9153a.o(i.ADE9153_read_PQRegs)
    ADE9153_read_PowRegs                     0x00000b8d   Thumb Code   128  nrf5_ade9153a.o(i.ADE9153_read_PowRegs)
    ADE9153_read_RMSRegs                     0x00000c11   Thumb Code    96  nrf5_ade9153a.o(i.ADE9153_read_RMSRegs)
    ADE9153_reset                            0x00000c79   Thumb Code    52  nrf5_ade9153a.o(i.ADE9153_reset)
    GPIOTE_IRQHandler                        0x00000cb1   Thumb Code   154  nrfx_gpiote.o(i.GPIOTE_IRQHandler)
    RTC1_IRQHandler                          0x00000d55   Thumb Code    12  drv_rtc.o(i.RTC1_IRQHandler)
    SPIM0_SPIS0_TWIM0_TWIS0_SPI0_TWI0_IRQHandler 0x00000d65   Thumb Code    76  nrfx_spim.o(i.SPIM0_SPIS0_TWIM0_TWIS0_SPI0_TWI0_IRQHandler)
    SystemInit                               0x00000db9   Thumb Code   736  system_nrf52.o(i.SystemInit)
    UARTE0_UART0_IRQHandler                  0x000010e1   Thumb Code     6  nrfx_prs.o(i.UARTE0_UART0_IRQHandler)
    __scatterload_copy                       0x000010ed   Thumb Code    14  handlers.o(i.__scatterload_copy)
    __scatterload_null                       0x000010fb   Thumb Code     2  handlers.o(i.__scatterload_null)
    __scatterload_zeroinit                   0x000010fd   Thumb Code    14  handlers.o(i.__scatterload_zeroinit)
    app_error_fault_handler                  0x0000110d   Thumb Code    86  app_error_weak.o(i.app_error_fault_handler)
    app_error_handler_bare                   0x00001191   Thumb Code    22  app_error.o(i.app_error_handler_bare)
    app_util_critical_region_enter           0x000011a7   Thumb Code     4  app_util_platform.o(i.app_util_critical_region_enter)
    app_util_critical_region_exit            0x000011ab   Thumb Code     4  app_util_platform.o(i.app_util_critical_region_exit)
    app_util_disable_irq                     0x000011b1   Thumb Code    12  app_util_platform.o(i.app_util_disable_irq)
    app_util_enable_irq                      0x000011c1   Thumb Code    14  app_util_platform.o(i.app_util_enable_irq)
    bsp_board_init                           0x000012e5   Thumb Code    80  boards.o(i.bsp_board_init)
    bsp_board_led_off                        0x00001339   Thumb Code    10  boards.o(i.bsp_board_led_off)
    bsp_board_leds_off                       0x00001349   Thumb Code    18  boards.o(i.bsp_board_leds_off)
    buffer_is_empty                          0x00001419   Thumb Code    18  nrf_log_frontend.o(i.buffer_is_empty)
    calculate_target_aicc                    0x00001431   Thumb Code    44  nrf5_ade9153a.o(i.calculate_target_aicc)
    calculate_target_avcc                    0x00001465   Thumb Code    98  nrf5_ade9153a.o(i.calculate_target_avcc)
    calculate_target_powCC                   0x000014e5   Thumb Code    36  nrf5_ade9153a.o(i.calculate_target_powCC)
    init_spiADE9153                          0x00001535   Thumb Code    70  nrf5_ade9153a.o(i.init_spiADE9153)
    main                                     0x0000178d   Thumb Code  2124  main.o(i.main)
    nrf_atomic_flag_clear_fetch              0x00002199   Thumb Code     6  nrf_atomic.o(i.nrf_atomic_flag_clear_fetch)
    nrf_atomic_flag_set                      0x0000219f   Thumb Code     6  nrf_atomic.o(i.nrf_atomic_flag_set)
    nrf_atomic_u32_add                       0x000021a5   Thumb Code    12  nrf_atomic.o(i.nrf_atomic_u32_add)
    nrf_atomic_u32_fetch_and                 0x000021b1   Thumb Code    10  nrf_atomic.o(i.nrf_atomic_u32_fetch_and)
    nrf_atomic_u32_fetch_store               0x000021bb   Thumb Code    10  nrf_atomic.o(i.nrf_atomic_u32_fetch_store)
    nrf_atomic_u32_or                        0x000021c5   Thumb Code    12  nrf_atomic.o(i.nrf_atomic_u32_or)
    nrf_atomic_u32_sub                       0x000021d1   Thumb Code    12  nrf_atomic.o(i.nrf_atomic_u32_sub)
    nrf_balloc_alloc                         0x000021dd   Thumb Code    62  nrf_balloc.o(i.nrf_balloc_alloc)
    nrf_balloc_free                          0x0000221b   Thumb Code    42  nrf_balloc.o(i.nrf_balloc_free)
    nrf_balloc_init                          0x00002245   Thumb Code    48  nrf_balloc.o(i.nrf_balloc_init)
    nrf_drv_spi_init                         0x000022c5   Thumb Code    98  nrf_drv_spi.o(i.nrf_drv_spi_init)
    nrf_drv_uart_init                        0x0000234d   Thumb Code    90  nrf_drv_uart.o(i.nrf_drv_uart_init)
    nrf_fprintf                              0x000023b5   Thumb Code    26  nrf_fprintf.o(i.nrf_fprintf)
    nrf_fprintf_buffer_flush                 0x000023cf   Thumb Code    24  nrf_fprintf.o(i.nrf_fprintf_buffer_flush)
    nrf_fprintf_fmt                          0x000023e7   Thumb Code   474  nrf_fprintf_format.o(i.nrf_fprintf_fmt)
    nrf_log_backend_add                      0x0000277d   Thumb Code    86  nrf_log_frontend.o(i.nrf_log_backend_add)
    nrf_log_backend_serial_put               0x000027d9   Thumb Code   200  nrf_log_backend_serial.o(i.nrf_log_backend_serial_put)
    nrf_log_backend_uart_init                0x000028a3   Thumb Code     6  nrf_log_backend_uart.o(i.nrf_log_backend_uart_init)
    nrf_log_color_id_get                     0x000028ed   Thumb Code    42  nrf_log_frontend.o(i.nrf_log_color_id_get)
    nrf_log_default_backends_init            0x0000291d   Thumb Code    24  nrf_log_default_backends.o(i.nrf_log_default_backends_init)
    nrf_log_frontend_dequeue                 0x00002939   Thumb Code   522  nrf_log_frontend.o(i.nrf_log_frontend_dequeue)
    nrf_log_frontend_std_0                   0x00002b6d   Thumb Code     8  nrf_log_frontend.o(i.nrf_log_frontend_std_0)
    nrf_log_frontend_std_1                   0x00002b75   Thumb Code    14  nrf_log_frontend.o(i.nrf_log_frontend_std_1)
    nrf_log_frontend_std_2                   0x00002b83   Thumb Code    16  nrf_log_frontend.o(i.nrf_log_frontend_std_2)
    nrf_log_frontend_std_3                   0x00002b93   Thumb Code    18  nrf_log_frontend.o(i.nrf_log_frontend_std_3)
    nrf_log_frontend_std_4                   0x00002ba5   Thumb Code    20  nrf_log_frontend.o(i.nrf_log_frontend_std_4)
    nrf_log_hexdump_entry_process            0x00002bb9   Thumb Code   150  nrf_log_str_formatter.o(i.nrf_log_hexdump_entry_process)
    nrf_log_init                             0x00002c69   Thumb Code    28  nrf_log_frontend.o(i.nrf_log_init)
    nrf_log_module_cnt_get                   0x00002c91   Thumb Code    10  nrf_log_frontend.o(i.nrf_log_module_cnt_get)
    nrf_log_module_name_get                  0x00002ca5   Thumb Code    24  nrf_log_frontend.o(i.nrf_log_module_name_get)
    nrf_log_panic                            0x00002cc1   Thumb Code    36  nrf_log_frontend.o(i.nrf_log_panic)
    nrf_log_std_entry_process                0x00002ce9   Thumb Code   182  nrf_log_str_formatter.o(i.nrf_log_std_entry_process)
    nrf_memobj_alloc                         0x00002d9f   Thumb Code    96  nrf_memobj.o(i.nrf_memobj_alloc)
    nrf_memobj_free                          0x00002dff   Thumb Code    50  nrf_memobj.o(i.nrf_memobj_free)
    nrf_memobj_get                           0x00002e31   Thumb Code     8  nrf_memobj.o(i.nrf_memobj_get)
    nrf_memobj_pool_init                     0x00002e39   Thumb Code     4  nrf_memobj.o(i.nrf_memobj_pool_init)
    nrf_memobj_put                           0x00002e3d   Thumb Code    30  nrf_memobj.o(i.nrf_memobj_put)
    nrf_memobj_read                          0x00002e5b   Thumb Code    16  nrf_memobj.o(i.nrf_memobj_read)
    nrf_memobj_write                         0x00002e6b   Thumb Code    16  nrf_memobj.o(i.nrf_memobj_write)
    nrf_ringbuf_init                         0x00002e7b   Thumb Code    28  nrf_ringbuf.o(i.nrf_ringbuf_init)
    nrfx_prs_acquire                         0x00002ef9   Thumb Code    48  nrfx_prs.o(i.nrfx_prs_acquire)
    nrfx_prs_release                         0x00002f29   Thumb Code    18  nrfx_prs.o(i.nrfx_prs_release)
    nrfx_spim_init                           0x00002f3d   Thumb Code   356  nrfx_spim.o(i.nrfx_spim_init)
    nrfx_spim_xfer                           0x000030a9   Thumb Code    94  nrfx_spim.o(i.nrfx_spim_xfer)
    nrfx_uart_0_irq_handler                  0x0000310d   Thumb Code     8  nrfx_uart.o(i.nrfx_uart_0_irq_handler)
    nrfx_uart_init                           0x0000311d   Thumb Code   200  nrfx_uart.o(i.nrfx_uart_init)
    nrfx_uart_tx                             0x000031f1   Thumb Code   162  nrfx_uart.o(i.nrfx_uart_tx)
    nrfx_uart_tx_in_progress                 0x00003299   Thumb Code    26  nrfx_uart.o(i.nrfx_uart_tx_in_progress)
    nrfx_uart_uninit                         0x000032b9   Thumb Code   182  nrfx_uart.o(i.nrfx_uart_uninit)
    nrfx_uarte_0_irq_handler                 0x00003379   Thumb Code     8  nrfx_uarte.o(i.nrfx_uarte_0_irq_handler)
    nrfx_uarte_init                          0x00003389   Thumb Code   100  nrfx_uarte.o(i.nrfx_uarte_init)
    nrfx_uarte_tx                            0x000033f5   Thumb Code   166  nrfx_uarte.o(i.nrfx_uarte_tx)
    nrfx_uarte_tx_in_progress                0x000034a1   Thumb Code    22  nrfx_uarte.o(i.nrfx_uarte_tx_in_progress)
    nrfx_uarte_uninit                        0x000034bd   Thumb Code   254  nrfx_uarte.o(i.nrfx_uarte_uninit)
    spi_event_handler                        0x00003815   Thumb Code     8  nrf5_ade9153a.o(i.spi_event_handler)
    spi_read16                               0x00003821   Thumb Code    70  nrf5_ade9153a.o(i.spi_read16)
    spi_read32                               0x00003871   Thumb Code    90  nrf5_ade9153a.o(i.spi_read32)
    spi_write16                              0x000038d5   Thumb Code    70  nrf5_ade9153a.o(i.spi_write16)
    spi_write32                              0x00003925   Thumb Code    88  nrf5_ade9153a.o(i.spi_write32)
    nrf_log_backend_uart_api                 0x00003f50   Data          12  nrf_log_backend_uart.o(.constdata)
    __ctype_table                            0x00003fb8   Data         129  ctype_o.o(.constdata)
    Region$$Table$$Base                      0x00004108   Number         0  anon$$obj.o(Region$$Table)
    Region$$Table$$Limit                     0x00004128   Number         0  anon$$obj.o(Region$$Table)
    log_const_data$$Base                     0x00004138   Number         0  nrfx_gpiote.o(log_const_data)
    m_nrf_log_GPIOTE_logs_data_const         0x00004138   Data           8  nrfx_gpiote.o(log_const_data)
    m_nrf_log_PRS_logs_data_const            0x00004140   Data           8  nrfx_prs.o(log_const_data)
    m_nrf_log_SPIM_logs_data_const           0x00004148   Data           8  nrfx_spim.o(log_const_data)
    m_nrf_log_UART_logs_data_const           0x00004150   Data           8  nrfx_uart.o(log_const_data)
    m_nrf_log_UARTE_logs_data_const          0x00004158   Data           8  nrfx_uarte.o(log_const_data)
    m_nrf_log_app_button_logs_data_const     0x00004160   Data           8  app_button.o(log_const_data)
    m_nrf_log_app_timer_logs_data_const      0x00004168   Data           8  app_timer2.o(log_const_data)
    m_nrf_log_sortlist_logs_data_const       0x00004170   Data           8  nrf_sortlist.o(log_const_data)
    m_nrf_log_app_logs_data_const            0x00004178   Data           8  nrf_log_frontend.o(log_const_data)
    log_const_data$$Limit                    0x00004180   Number         0  nrf_log_frontend.o(log_const_data)
    log_mempool                              0x00004180   Data          20  nrf_log_frontend.o(nrf_balloc)
    ADE_acal                                 0x20000000   Data           1  main.o(.data)
    checkADE                                 0x20000001   Data           1  main.o(.data)
    pVHeadRoom                               0x20000004   Data           4  main.o(.data)
    nrf_drv_uart_use_easy_dma                0x20000008   Data           1  nrf_drv_uart.o(.data)
    m_uart                                   0x20000030   Data          20  nrf_log_backend_uart.o(.data)
    SystemCoreClock                          0x200000a4   Data           4  system_nrf52.o(.data)
    pRMSRegs                                 0x200000a8   Data          24  main.o(.bss)
    pPowRegs                                 0x200000c0   Data          28  main.o(.bss)
    pPQRegs                                  0x200000dc   Data          24  main.o(.bss)
    pACALRegs                                0x200000f4   Data          24  main.o(.bss)
    __initial_sp                             0x200027b0   Data           0  arm_startup_nrf52.o(STACK)



==============================================================================

Memory Map of the image

  Image Entry point : 0x00000201

  Load Region LR_IROM1 (Base: 0x00000000, Size: 0x0000423c, Max: 0x00080000, ABSOLUTE)

    Execution Region ER_IROM1 (Exec base: 0x00000000, Load base: 0x00000000, Size: 0x00004194, Max: 0x00080000, ABSOLUTE)

    Exec Addr    Load Addr    Size         Type   Attr      Idx    E Section Name        Object

    0x00000000   0x00000000   0x00000200   Data   RO         3861    RESET               arm_startup_nrf52.o
    0x00000200   0x00000200   0x00000000   Code   RO         3917  * .ARM.Collect$$$$00000000  mc_w.l(entry.o)
    0x00000200   0x00000200   0x00000004   Code   RO         3983    .ARM.Collect$$$$00000001  mc_w.l(entry2.o)
    0x00000204   0x00000204   0x00000004   Code   RO         3986    .ARM.Collect$$$$00000004  mc_w.l(entry5.o)
    0x00000208   0x00000208   0x00000000   Code   RO         3988    .ARM.Collect$$$$00000008  mc_w.l(entry7b.o)
    0x00000208   0x00000208   0x00000000   Code   RO         3990    .ARM.Collect$$$$0000000A  mc_w.l(entry8b.o)
    0x00000208   0x00000208   0x00000008   Code   RO         3991    .ARM.Collect$$$$0000000B  mc_w.l(entry9a.o)
    0x00000210   0x00000210   0x00000000   Code   RO         3993    .ARM.Collect$$$$0000000D  mc_w.l(entry10a.o)
    0x00000210   0x00000210   0x00000000   Code   RO         3995    .ARM.Collect$$$$0000000F  mc_w.l(entry11a.o)
    0x00000210   0x00000210   0x00000004   Code   RO         3984    .ARM.Collect$$$$00002712  mc_w.l(entry2.o)
    0x00000214   0x00000214   0x000000e2   Code   RO         2301    .emb_text           nrf_atomic.o
    0x000002f6   0x000002f6   0x00000002   PAD
    0x000002f8   0x000002f8   0x00000024   Code   RO         3862    .text               arm_startup_nrf52.o
    0x0000031c   0x0000031c   0x0000001e   Code   RO         3927    .text               mc_w.l(llshl.o)
    0x0000033a   0x0000033a   0x00000002   PAD
    0x0000033c   0x0000033c   0x00000008   Code   RO         3929    .text               mc_w.l(ctype_o.o)
    0x00000344   0x00000344   0x00000024   Code   RO         3957    .text               mc_w.l(memcpya.o)
    0x00000368   0x00000368   0x00000024   Code   RO         3959    .text               mc_w.l(memseta.o)
    0x0000038c   0x0000038c   0x0000000e   Code   RO         3961    .text               mc_w.l(strlen.o)
    0x0000039a   0x0000039a   0x000000e4   Code   RO         3971    .text               mf_w.l(dmul.o)
    0x0000047e   0x0000047e   0x000000de   Code   RO         3973    .text               mf_w.l(ddiv.o)
    0x0000055c   0x0000055c   0x00000026   Code   RO         3979    .text               mf_w.l(f2d.o)
    0x00000582   0x00000582   0x00000038   Code   RO         3981    .text               mf_w.l(d2f.o)
    0x000005ba   0x000005ba   0x00000020   Code   RO         3998    .text               mc_w.l(llushr.o)
    0x000005da   0x000005da   0x00000000   Code   RO         4002    .text               mc_w.l(iusefp.o)
    0x000005da   0x000005da   0x0000006e   Code   RO         4004    .text               mf_w.l(fepilogue.o)
    0x00000648   0x00000648   0x000000ba   Code   RO         4006    .text               mf_w.l(depilogue.o)
    0x00000702   0x00000702   0x00000002   PAD
    0x00000704   0x00000704   0x00000024   Code   RO         4008    .text               mc_w.l(init.o)
    0x00000728   0x00000728   0x00000068   Code   RO         3672    i.ADE9153_AIGainCFG  nrf5_ade9153a.o
    0x00000790   0x00000790   0x00000058   Code   RO         3673    i.ADE9153_AVGainCFG  nrf5_ade9153a.o
    0x000007e8   0x000007e8   0x00000050   Code   RO         3674    i.ADE9153_acal_AINormal  nrf5_ade9153a.o
    0x00000838   0x00000838   0x00000050   Code   RO         3676    i.ADE9153_acal_AV   nrf5_ade9153a.o
    0x00000888   0x00000888   0x000001e4   Code   RO         3677    i.ADE9153_acal_result  nrf5_ade9153a.o
    0x00000a6c   0x00000a6c   0x00000008   Code   RO         3678    i.ADE9153_acal_stop  nrf5_ade9153a.o
    0x00000a74   0x00000a74   0x0000006c   Code   RO         3679    i.ADE9153_initCFG   nrf5_ade9153a.o
    0x00000ae0   0x00000ae0   0x000000ac   Code   RO         3681    i.ADE9153_read_PQRegs  nrf5_ade9153a.o
    0x00000b8c   0x00000b8c   0x00000084   Code   RO         3682    i.ADE9153_read_PowRegs  nrf5_ade9153a.o
    0x00000c10   0x00000c10   0x00000068   Code   RO         3683    i.ADE9153_read_RMSRegs  nrf5_ade9153a.o
    0x00000c78   0x00000c78   0x00000038   Code   RO         3684    i.ADE9153_reset     nrf5_ade9153a.o
    0x00000cb0   0x00000cb0   0x000000a4   Code   RO          704    i.GPIOTE_IRQHandler  nrfx_gpiote.o
    0x00000d54   0x00000d54   0x00000010   Code   RO         2038    i.RTC1_IRQHandler   drv_rtc.o
    0x00000d64   0x00000d64   0x00000054   Code   RO         1090    i.SPIM0_SPIS0_TWIM0_TWIS0_SPI0_TWI0_IRQHandler  nrfx_spim.o
    0x00000db8   0x00000db8   0x00000328   Code   RO         3870    i.SystemInit        system_nrf52.o
    0x000010e0   0x000010e0   0x0000000c   Code   RO         1018    i.UARTE0_UART0_IRQHandler  nrfx_prs.o
    0x000010ec   0x000010ec   0x0000000e   Code   RO         4012    i.__scatterload_copy  mc_w.l(handlers.o)
    0x000010fa   0x000010fa   0x00000002   Code   RO         4013    i.__scatterload_null  mc_w.l(handlers.o)
    0x000010fc   0x000010fc   0x0000000e   Code   RO         4014    i.__scatterload_zeroinit  mc_w.l(handlers.o)
    0x0000110a   0x0000110a   0x00000002   PAD
    0x0000110c   0x0000110c   0x00000084   Code   RO         1740    i.app_error_fault_handler  app_error_weak.o
    0x00001190   0x00001190   0x00000016   Code   RO         1680    i.app_error_handler_bare  app_error.o
    0x000011a6   0x000011a6   0x00000004   Code   RO         1976    i.app_util_critical_region_enter  app_util_platform.o
    0x000011aa   0x000011aa   0x00000004   Code   RO         1977    i.app_util_critical_region_exit  app_util_platform.o
    0x000011ae   0x000011ae   0x00000002   PAD
    0x000011b0   0x000011b0   0x00000010   Code   RO         1978    i.app_util_disable_irq  app_util_platform.o
    0x000011c0   0x000011c0   0x00000014   Code   RO         1979    i.app_util_enable_irq  app_util_platform.o
    0x000011d4   0x000011d4   0x00000088   Code   RO         1220    i.apply_config      nrfx_uart.o
    0x0000125c   0x0000125c   0x00000088   Code   RO         1402    i.apply_config      nrfx_uarte.o
    0x000012e4   0x000012e4   0x00000054   Code   RO          248    i.bsp_board_init    boards.o
    0x00001338   0x00001338   0x00000010   Code   RO          251    i.bsp_board_led_off  boards.o
    0x00001348   0x00001348   0x00000012   Code   RO          254    i.bsp_board_leds_off  boards.o
    0x0000135a   0x0000135a   0x00000002   PAD
    0x0000135c   0x0000135c   0x0000008c   Code   RO         2953    i.buf_prealloc      nrf_log_frontend.o
    0x000013e8   0x000013e8   0x0000002e   Code   RO         2516    i.buffer_add        nrf_fprintf_format.o
    0x00001416   0x00001416   0x00000002   PAD
    0x00001418   0x00001418   0x00000018   Code   RO         2954    i.buffer_is_empty   nrf_log_frontend.o
    0x00001430   0x00001430   0x00000034   Code   RO         3686    i.calculate_target_aicc  nrf5_ade9153a.o
    0x00001464   0x00001464   0x00000080   Code   RO         3687    i.calculate_target_avcc  nrf5_ade9153a.o
    0x000014e4   0x000014e4   0x0000002c   Code   RO         3688    i.calculate_target_powCC  nrf5_ade9153a.o
    0x00001510   0x00001510   0x00000010   Code   RO          707    i.channel_port_get  nrfx_gpiote.o
    0x00001520   0x00001520   0x00000014   Code   RO         2955    i.dropped_sat16_get  nrf_log_frontend.o
    0x00001534   0x00001534   0x00000050   Code   RO         3689    i.init_spiADE9153   nrf5_ade9153a.o
    0x00001584   0x00001584   0x000000a6   Code   RO         2517    i.int_print         nrf_fprintf_format.o
    0x0000162a   0x0000162a   0x00000002   PAD
    0x0000162c   0x0000162c   0x00000088   Code   RO         1403    i.interrupts_enable  nrfx_uarte.o
    0x000016b4   0x000016b4   0x00000034   Code   RO         2956    i.invalid_packets_omit  nrf_log_frontend.o
    0x000016e8   0x000016e8   0x000000a4   Code   RO         2957    i.log_skip          nrf_log_frontend.o
    0x0000178c   0x0000178c   0x0000095c   Code   RO            4    i.main              main.o
    0x000020e8   0x000020e8   0x0000007e   Code   RO         2556    i.memobj_op         nrf_memobj.o
    0x00002166   0x00002166   0x00000002   PAD
    0x00002168   0x00002168   0x00000030   Code   RO         2958    i.module_idx_get    nrf_log_frontend.o
    0x00002198   0x00002198   0x00000006   Code   RO         2303    i.nrf_atomic_flag_clear_fetch  nrf_atomic.o
    0x0000219e   0x0000219e   0x00000006   Code   RO         2304    i.nrf_atomic_flag_set  nrf_atomic.o
    0x000021a4   0x000021a4   0x0000000c   Code   RO         2306    i.nrf_atomic_u32_add  nrf_atomic.o
    0x000021b0   0x000021b0   0x0000000a   Code   RO         2310    i.nrf_atomic_u32_fetch_and  nrf_atomic.o
    0x000021ba   0x000021ba   0x0000000a   Code   RO         2312    i.nrf_atomic_u32_fetch_store  nrf_atomic.o
    0x000021c4   0x000021c4   0x0000000c   Code   RO         2316    i.nrf_atomic_u32_or  nrf_atomic.o
    0x000021d0   0x000021d0   0x0000000c   Code   RO         2318    i.nrf_atomic_u32_sub  nrf_atomic.o
    0x000021dc   0x000021dc   0x0000003e   Code   RO         2440    i.nrf_balloc_alloc  nrf_balloc.o
    0x0000221a   0x0000221a   0x0000002a   Code   RO         2441    i.nrf_balloc_free   nrf_balloc.o
    0x00002244   0x00002244   0x00000030   Code   RO         2442    i.nrf_balloc_init   nrf_balloc.o
    0x00002274   0x00002274   0x00000010   Code   RO          708    i.nrf_bitmask_bit_is_set  nrfx_gpiote.o
    0x00002284   0x00002284   0x00000020   Code   RO            5    i.nrf_delay_ms      main.o
    0x000022a4   0x000022a4   0x00000020   Code   RO         3690    i.nrf_delay_ms      nrf5_ade9153a.o
    0x000022c4   0x000022c4   0x00000070   Code   RO          478    i.nrf_drv_spi_init  nrf_drv_spi.o
    0x00002334   0x00002334   0x00000016   Code   RO         3691    i.nrf_drv_spi_transfer  nrf5_ade9153a.o
    0x0000234a   0x0000234a   0x00000002   PAD
    0x0000234c   0x0000234c   0x00000068   Code   RO          513    i.nrf_drv_uart_init  nrf_drv_uart.o
    0x000023b4   0x000023b4   0x0000001a   Code   RO         2477    i.nrf_fprintf       nrf_fprintf.o
    0x000023ce   0x000023ce   0x00000018   Code   RO         2478    i.nrf_fprintf_buffer_flush  nrf_fprintf.o
    0x000023e6   0x000023e6   0x000001da   Code   RO         2518    i.nrf_fprintf_fmt   nrf_fprintf_format.o
    0x000025c0   0x000025c0   0x00000024   Code   RO          258    i.nrf_gpio_cfg      boards.o
    0x000025e4   0x000025e4   0x00000024   Code   RO         1091    i.nrf_gpio_cfg      nrfx_spim.o
    0x00002608   0x00002608   0x00000024   Code   RO         1221    i.nrf_gpio_cfg      nrfx_uart.o
    0x0000262c   0x0000262c   0x00000024   Code   RO         1404    i.nrf_gpio_cfg      nrfx_uarte.o
    0x00002650   0x00002650   0x00000012   Code   RO         1222    i.nrf_gpio_cfg_default  nrfx_uart.o
    0x00002662   0x00002662   0x00000012   Code   RO         1405    i.nrf_gpio_cfg_default  nrfx_uarte.o
    0x00002674   0x00002674   0x00000012   Code   RO         1223    i.nrf_gpio_cfg_input  nrfx_uart.o
    0x00002686   0x00002686   0x00000012   Code   RO         1406    i.nrf_gpio_cfg_input  nrfx_uarte.o
    0x00002698   0x00002698   0x00000014   Code   RO         1092    i.nrf_gpio_cfg_output  nrfx_spim.o
    0x000026ac   0x000026ac   0x00000014   Code   RO         1224    i.nrf_gpio_cfg_output  nrfx_uart.o
    0x000026c0   0x000026c0   0x00000014   Code   RO         1407    i.nrf_gpio_cfg_output  nrfx_uarte.o
    0x000026d4   0x000026d4   0x00000022   Code   RO          711    i.nrf_gpio_cfg_sense_set  nrfx_gpiote.o
    0x000026f6   0x000026f6   0x00000002   PAD
    0x000026f8   0x000026f8   0x0000002c   Code   RO          712    i.nrf_gpio_latches_read_and_clear  nrfx_gpiote.o
    0x00002724   0x00002724   0x0000000e   Code   RO         1093    i.nrf_gpio_pin_clear  nrfx_spim.o
    0x00002732   0x00002732   0x0000000e   Code   RO         1094    i.nrf_gpio_pin_set  nrfx_spim.o
    0x00002740   0x00002740   0x00000016   Code   RO          259    i.nrf_gpio_pin_write  boards.o
    0x00002756   0x00002756   0x00000002   PAD
    0x00002758   0x00002758   0x00000014   Code   RO          714    i.nrf_gpiote_event_clear  nrfx_gpiote.o
    0x0000276c   0x0000276c   0x00000010   Code   RO          715    i.nrf_gpiote_event_is_set  nrfx_gpiote.o
    0x0000277c   0x0000277c   0x0000005c   Code   RO         2959    i.nrf_log_backend_add  nrf_log_frontend.o
    0x000027d8   0x000027d8   0x000000c8   Code   RO         2804    i.nrf_log_backend_serial_put  nrf_log_backend_serial.o
    0x000028a0   0x000028a0   0x00000002   Code   RO         2844    i.nrf_log_backend_uart_flush  nrf_log_backend_uart.o
    0x000028a2   0x000028a2   0x00000006   Code   RO         2845    i.nrf_log_backend_uart_init  nrf_log_backend_uart.o
    0x000028a8   0x000028a8   0x0000002c   Code   RO         2846    i.nrf_log_backend_uart_panic_set  nrf_log_backend_uart.o
    0x000028d4   0x000028d4   0x00000018   Code   RO         2847    i.nrf_log_backend_uart_put  nrf_log_backend_uart.o
    0x000028ec   0x000028ec   0x00000030   Code   RO         2961    i.nrf_log_color_id_get  nrf_log_frontend.o
    0x0000291c   0x0000291c   0x0000001c   Code   RO         2917    i.nrf_log_default_backends_init  nrf_log_default_backends.o
    0x00002938   0x00002938   0x00000234   Code   RO         2962    i.nrf_log_frontend_dequeue  nrf_log_frontend.o
    0x00002b6c   0x00002b6c   0x00000008   Code   RO         2964    i.nrf_log_frontend_std_0  nrf_log_frontend.o
    0x00002b74   0x00002b74   0x0000000e   Code   RO         2965    i.nrf_log_frontend_std_1  nrf_log_frontend.o
    0x00002b82   0x00002b82   0x00000010   Code   RO         2966    i.nrf_log_frontend_std_2  nrf_log_frontend.o
    0x00002b92   0x00002b92   0x00000012   Code   RO         2967    i.nrf_log_frontend_std_3  nrf_log_frontend.o
    0x00002ba4   0x00002ba4   0x00000014   Code   RO         2968    i.nrf_log_frontend_std_4  nrf_log_frontend.o
    0x00002bb8   0x00002bb8   0x000000b0   Code   RO         3140    i.nrf_log_hexdump_entry_process  nrf_log_str_formatter.o
    0x00002c68   0x00002c68   0x00000028   Code   RO         2971    i.nrf_log_init      nrf_log_frontend.o
    0x00002c90   0x00002c90   0x00000014   Code   RO         2972    i.nrf_log_module_cnt_get  nrf_log_frontend.o
    0x00002ca4   0x00002ca4   0x0000001c   Code   RO         2975    i.nrf_log_module_name_get  nrf_log_frontend.o
    0x00002cc0   0x00002cc0   0x00000028   Code   RO         2976    i.nrf_log_panic     nrf_log_frontend.o
    0x00002ce8   0x00002ce8   0x000000b6   Code   RO         3141    i.nrf_log_std_entry_process  nrf_log_str_formatter.o
    0x00002d9e   0x00002d9e   0x00000060   Code   RO         2557    i.nrf_memobj_alloc  nrf_memobj.o
    0x00002dfe   0x00002dfe   0x00000032   Code   RO         2558    i.nrf_memobj_free   nrf_memobj.o
    0x00002e30   0x00002e30   0x00000008   Code   RO         2559    i.nrf_memobj_get    nrf_memobj.o
    0x00002e38   0x00002e38   0x00000004   Code   RO         2560    i.nrf_memobj_pool_init  nrf_memobj.o
    0x00002e3c   0x00002e3c   0x0000001e   Code   RO         2561    i.nrf_memobj_put    nrf_memobj.o
    0x00002e5a   0x00002e5a   0x00000010   Code   RO         2562    i.nrf_memobj_read   nrf_memobj.o
    0x00002e6a   0x00002e6a   0x00000010   Code   RO         2563    i.nrf_memobj_write  nrf_memobj.o
    0x00002e7a   0x00002e7a   0x0000001c   Code   RO         2639    i.nrf_ringbuf_init  nrf_ringbuf.o
    0x00002e96   0x00002e96   0x0000000a   Code   RO         1095    i.nrf_spim_event_check  nrfx_spim.o
    0x00002ea0   0x00002ea0   0x0000000a   Code   RO         1225    i.nrf_uart_event_check  nrfx_uart.o
    0x00002eaa   0x00002eaa   0x0000000c   Code   RO         1226    i.nrf_uart_event_clear  nrfx_uart.o
    0x00002eb6   0x00002eb6   0x0000000c   Code   RO         1227    i.nrf_uart_int_enable_check  nrfx_uart.o
    0x00002ec2   0x00002ec2   0x0000000a   Code   RO         1408    i.nrf_uarte_event_check  nrfx_uarte.o
    0x00002ecc   0x00002ecc   0x0000000c   Code   RO         1409    i.nrf_uarte_event_clear  nrfx_uarte.o
    0x00002ed8   0x00002ed8   0x00000010   Code   RO         1096    i.nrfx_is_in_ram    nrfx_spim.o
    0x00002ee8   0x00002ee8   0x00000010   Code   RO         1410    i.nrfx_is_in_ram    nrfx_uarte.o
    0x00002ef8   0x00002ef8   0x00000030   Code   RO         1019    i.nrfx_prs_acquire  nrfx_prs.o
    0x00002f28   0x00002f28   0x00000012   Code   RO         1020    i.nrfx_prs_release  nrfx_prs.o
    0x00002f3a   0x00002f3a   0x00000002   PAD
    0x00002f3c   0x00002f3c   0x0000016c   Code   RO         1099    i.nrfx_spim_init    nrfx_spim.o
    0x000030a8   0x000030a8   0x00000064   Code   RO         1102    i.nrfx_spim_xfer    nrfx_spim.o
    0x0000310c   0x0000310c   0x00000010   Code   RO         1228    i.nrfx_uart_0_irq_handler  nrfx_uart.o
    0x0000311c   0x0000311c   0x000000d4   Code   RO         1230    i.nrfx_uart_init    nrfx_uart.o
    0x000031f0   0x000031f0   0x000000a8   Code   RO         1236    i.nrfx_uart_tx      nrfx_uart.o
    0x00003298   0x00003298   0x00000020   Code   RO         1238    i.nrfx_uart_tx_in_progress  nrfx_uart.o
    0x000032b8   0x000032b8   0x000000c0   Code   RO         1239    i.nrfx_uart_uninit  nrfx_uart.o
    0x00003378   0x00003378   0x00000010   Code   RO         1411    i.nrfx_uarte_0_irq_handler  nrfx_uarte.o
    0x00003388   0x00003388   0x0000006c   Code   RO         1413    i.nrfx_uarte_init   nrfx_uarte.o
    0x000033f4   0x000033f4   0x000000ac   Code   RO         1417    i.nrfx_uarte_tx     nrfx_uarte.o
    0x000034a0   0x000034a0   0x0000001c   Code   RO         1419    i.nrfx_uarte_tx_in_progress  nrfx_uarte.o
    0x000034bc   0x000034bc   0x00000108   Code   RO         1420    i.nrfx_uarte_uninit  nrfx_uarte.o
    0x000035c4   0x000035c4   0x000000b4   Code   RO          748    i.port_event_handle  nrfx_gpiote.o
    0x00003678   0x00003678   0x00000010   Code   RO          749    i.port_handler_polarity_get  nrfx_gpiote.o
    0x00003688   0x00003688   0x0000003c   Code   RO         3143    i.postfix_process   nrf_log_str_formatter.o
    0x000036c4   0x000036c4   0x00000098   Code   RO         3144    i.prefix_process    nrf_log_str_formatter.o
    0x0000375c   0x0000375c   0x00000018   Code   RO         1021    i.prs_box_get       nrfx_prs.o
    0x00003774   0x00003774   0x00000032   Code   RO         1240    i.rx_byte           nrfx_uart.o
    0x000037a6   0x000037a6   0x00000016   Code   RO         1241    i.rx_done_event     nrfx_uart.o
    0x000037bc   0x000037bc   0x00000016   Code   RO         1421    i.rx_done_event     nrfx_uarte.o
    0x000037d2   0x000037d2   0x00000002   PAD
    0x000037d4   0x000037d4   0x00000040   Code   RO         2848    i.serial_tx         nrf_log_backend_uart.o
    0x00003814   0x00003814   0x0000000c   Code   RO         3692    i.spi_event_handler  nrf5_ade9153a.o
    0x00003820   0x00003820   0x00000050   Code   RO         3693    i.spi_read16        nrf5_ade9153a.o
    0x00003870   0x00003870   0x00000064   Code   RO         3694    i.spi_read32        nrf5_ade9153a.o
    0x000038d4   0x000038d4   0x00000050   Code   RO         3695    i.spi_write16       nrf5_ade9153a.o
    0x00003924   0x00003924   0x00000060   Code   RO         3696    i.spi_write32       nrf5_ade9153a.o
    0x00003984   0x00003984   0x00000038   Code   RO          479    i.spim_evt_handler  nrf_drv_spi.o
    0x000039bc   0x000039bc   0x000000bc   Code   RO         1103    i.spim_xfer         nrfx_spim.o
    0x00003a78   0x00003a78   0x00000094   Code   RO         2978    i.std_n             nrf_log_frontend.o
    0x00003b0c   0x00003b0c   0x00000020   Code   RO         1243    i.tx_byte           nrfx_uart.o
    0x00003b2c   0x00003b2c   0x0000001a   Code   RO         1244    i.tx_done_event     nrfx_uart.o
    0x00003b46   0x00003b46   0x0000001a   Code   RO         1422    i.tx_done_event     nrfx_uarte.o
    0x00003b60   0x00003b60   0x00000030   Code   RO          514    i.uart_evt_handler  nrf_drv_uart.o
    0x00003b90   0x00003b90   0x0000000c   Code   RO         2849    i.uart_evt_handler  nrf_log_backend_uart.o
    0x00003b9c   0x00003b9c   0x00000050   Code   RO         2850    i.uart_init         nrf_log_backend_uart.o
    0x00003bec   0x00003bec   0x0000012a   Code   RO         1245    i.uart_irq_handler  nrfx_uart.o
    0x00003d16   0x00003d16   0x00000002   PAD
    0x00003d18   0x00003d18   0x00000030   Code   RO          515    i.uarte_evt_handler  nrf_drv_uart.o
    0x00003d48   0x00003d48   0x00000112   Code   RO         1423    i.uarte_irq_handler  nrfx_uarte.o
    0x00003e5a   0x00003e5a   0x00000002   PAD
    0x00003e5c   0x00003e5c   0x000000b4   Code   RO         2519    i.unsigned_print    nrf_fprintf_format.o
    0x00003f10   0x00003f10   0x00000006   Data   RO            7    .constdata          main.o
    0x00003f16   0x00003f16   0x00000008   Data   RO          260    .constdata          boards.o
    0x00003f1e   0x00003f1e   0x00000002   PAD
    0x00003f20   0x00003f20   0x00000010   Data   RO          481    .constdata          nrf_drv_spi.o
    0x00003f30   0x00003f30   0x00000004   Data   RO          751    .constdata          nrfx_gpiote.o
    0x00003f34   0x00003f34   0x00000004   Data   RO         1106    .constdata          nrfx_spim.o
    0x00003f38   0x00003f38   0x00000004   Data   RO         1248    .constdata          nrfx_uart.o
    0x00003f3c   0x00003f3c   0x00000004   Data   RO         1426    .constdata          nrfx_uarte.o
    0x00003f40   0x00003f40   0x00000010   Data   RO         2520    .constdata          nrf_fprintf_format.o
    0x00003f50   0x00003f50   0x0000000c   Data   RO         2852    .constdata          nrf_log_backend_uart.o
    0x00003f5c   0x00003f5c   0x00000020   Data   RO         2853    .constdata          nrf_log_backend_uart.o
    0x00003f7c   0x00003f7c   0x0000000c   Data   RO         2983    .constdata          nrf_log_frontend.o
    0x00003f88   0x00003f88   0x00000008   PAD
    0x00003f90   0x00003f90   0x00000028   Data   RO         3697    .constdata          nrf5_ade9153a.o
    0x00003fb8   0x00003fb8   0x00000081   Data   RO         3930    .constdata          mc_w.l(ctype_o.o)
    0x00004039   0x00004039   0x00000003   PAD
    0x0000403c   0x0000403c   0x00000004   Data   RO         3931    .constdata          mc_w.l(ctype_o.o)
    0x00004040   0x00004040   0x00000066   Data   RO         3145    .conststring        nrf_log_str_formatter.o
    0x000040a6   0x000040a6   0x00000002   PAD
    0x000040a8   0x000040a8   0x00000007   Data   RO          755    .conststrlit        nrfx_gpiote.o
    0x000040af   0x000040af   0x00000001   PAD
    0x000040b0   0x000040b0   0x00000004   Data   RO         1023    .conststrlit        nrfx_prs.o
    0x000040b4   0x000040b4   0x00000005   Data   RO         1109    .conststrlit        nrfx_spim.o
    0x000040b9   0x000040b9   0x00000003   PAD
    0x000040bc   0x000040bc   0x00000005   Data   RO         1251    .conststrlit        nrfx_uart.o
    0x000040c1   0x000040c1   0x00000003   PAD
    0x000040c4   0x000040c4   0x00000006   Data   RO         1429    .conststrlit        nrfx_uarte.o
    0x000040ca   0x000040ca   0x00000002   PAD
    0x000040cc   0x000040cc   0x0000000b   Data   RO         1573    .conststrlit        app_button.o
    0x000040d7   0x000040d7   0x00000001   PAD
    0x000040d8   0x000040d8   0x0000000a   Data   RO         1855    .conststrlit        app_timer2.o
    0x000040e2   0x000040e2   0x00000002   PAD
    0x000040e4   0x000040e4   0x00000009   Data   RO         2702    .conststrlit        nrf_sortlist.o
    0x000040ed   0x000040ed   0x00000003   PAD
    0x000040f0   0x000040f0   0x00000011   Data   RO         2918    .conststrlit        nrf_log_default_backends.o
    0x00004101   0x00004101   0x00000003   PAD
    0x00004104   0x00004104   0x00000004   Data   RO         2984    .conststrlit        nrf_log_frontend.o
    0x00004108   0x00004108   0x00000020   Data   RO         4010    Region$$Table       anon$$obj.o
    0x00004128   0x00004128   0x00000010   Data   RO         2920    log_backends        nrf_log_default_backends.o
    0x00004138   0x00004138   0x00000008   Data   RO          756    log_const_data      nrfx_gpiote.o
    0x00004140   0x00004140   0x00000008   Data   RO         1025    log_const_data      nrfx_prs.o
    0x00004148   0x00004148   0x00000008   Data   RO         1110    log_const_data      nrfx_spim.o
    0x00004150   0x00004150   0x00000008   Data   RO         1252    log_const_data      nrfx_uart.o
    0x00004158   0x00004158   0x00000008   Data   RO         1430    log_const_data      nrfx_uarte.o
    0x00004160   0x00004160   0x00000008   Data   RO         1575    log_const_data      app_button.o
    0x00004168   0x00004168   0x00000008   Data   RO         1858    log_const_data      app_timer2.o
    0x00004170   0x00004170   0x00000008   Data   RO         2703    log_const_data      nrf_sortlist.o
    0x00004178   0x00004178   0x00000008   Data   RO         2988    log_const_data      nrf_log_frontend.o
    0x00004180   0x00004180   0x00000014   Data   RO         2989    nrf_balloc          nrf_log_frontend.o


    Execution Region RW_IRAM1 (Exec base: 0x20000000, Load base: 0x00004194, Size: 0x000027b0, Max: 0x00010000, ABSOLUTE)

    Exec Addr    Load Addr    Size         Type   Attr      Idx    E Section Name        Object

    0x20000000   0x00004194   0x00000008   Data   RW            8    .data               main.o
    0x20000008   0x0000419c   0x0000000c   Data   RW          516    .data               nrf_drv_uart.o
    0x20000014   0x000041a8   0x00000008   Data   RW         1024    .data               nrfx_prs.o
    0x2000001c   0x000041b0   0x00000004   Data   RW         1982    .data               app_util_platform.o
    0x20000020   0x000041b4   0x0000000c   Data   RW         2062    .data               drv_rtc.o
    0x2000002c   0x000041c0   0x00000018   Data   RW         2854    .data               nrf_log_backend_uart.o
    0x20000044   0x000041d8   0x00000008   Data   RW         2919    .data               nrf_log_default_backends.o
    0x2000004c   0x000041e0   0x00000004   Data   RW         2985    .data               nrf_log_frontend.o
    0x20000050   0x000041e4   0x00000008   Data   RW         2986    .data               nrf_log_frontend.o
    0x20000058   0x000041ec   0x00000008   Data   RW         2987    .data               nrf_log_frontend.o
    0x20000060   0x000041f4   0x00000040   Data   RW         3146    .data               nrf_log_str_formatter.o
    0x200000a0   0x00004234   0x00000002   Data   RW         3698    .data               nrf5_ade9153a.o
    0x200000a2   0x00004236   0x00000002   PAD
    0x200000a4   0x00004238   0x00000004   Data   RW         3871    .data               system_nrf52.o
    0x200000a8        -       0x00000064   Zero   RW            6    .bss                main.o
    0x2000010c        -       0x00000018   Zero   RW          480    .bss                nrf_drv_spi.o
    0x20000124        -       0x0000005c   Zero   RW          750    .bss                nrfx_gpiote.o
    0x20000180        -       0x00000024   Zero   RW         1104    .bss                nrfx_spim.o
    0x200001a4        -       0x0000002c   Zero   RW         1246    .bss                nrfx_uart.o
    0x200001d0        -       0x00000024   Zero   RW         1424    .bss                nrfx_uarte.o
    0x200001f4        -       0x00000040   Zero   RW         2851    .bss                nrf_log_backend_uart.o
    0x20000234        -       0x000000c0   Zero   RW         2979    .bss                nrf_log_frontend.o
    0x200002f4        -       0x00000080   Zero   RW         2980    .bss                nrf_log_frontend.o
    0x20000374        -       0x00000018   Zero   RW         2981    .bss                nrf_log_frontend.o
    0x2000038c        -       0x00000420   Zero   RW         2982    .bss                nrf_log_frontend.o
    0x200007ac   0x0000423c   0x00000004   PAD
    0x200007b0        -       0x00002000   Zero   RW         3859    STACK               arm_startup_nrf52.o


==============================================================================

Image component sizes


      Code (inc. data)   RO Data    RW Data    ZI Data      Debug   Object Name

         0          0         19          0          0       7003   app_button.o
        22          0          0          0          0       2541   app_error.o
       132         46          0          0          0      30929   app_error_weak.o
         0          0         18          0          0       5918   app_timer2.o
        44         10          0          4          0       3368   app_util_platform.o
        36          8        512          0       8192        932   arm_startup_nrf52.o
       176         10          8          0          0       8629   boards.o
         0          0          0          0          0       3304   bsp.o
        16          4          0         12          0       4953   drv_rtc.o
      2428        814          6          8        100      70967   main.o
      2142        412         40          2          0      36787   nrf5_ade9153a.o
       294          0          0          0          0       7919   nrf_atomic.o
       152          0          0          0          0       3580   nrf_balloc.o
       168         18         16          0         24       6447   nrf_drv_spi.o
       200         26          0         12          0      17868   nrf_drv_uart.o
        50          0          0          0          0       3545   nrf_fprintf.o
       866          4         16          0          0       6574   nrf_fprintf_format.o
       200          0          0          0          0      11645   nrf_log_backend_serial.o
       232         44         44         24         64      15954   nrf_log_backend_uart.o
        28          4         33          8          0       3357   nrf_log_default_backends.o
      1504        130         44         20       1400      31512   nrf_log_frontend.o
       570        108        102         64          0       5684   nrf_log_str_formatter.o
       346          0          0          0          0       9607   nrf_memobj.o
        28          0          0          0          0       2375   nrf_ringbuf.o
         0          0         17          0          0       1069   nrf_sortlist.o
       506         38         19          0         92      24977   nrfx_gpiote.o
       102         16         12          8          0       4476   nrfx_prs.o
       846         22         17          0         36      57157   nrfx_spim.o
      1310         42         17          0         44      27245   nrfx_uart.o
      1312         42         18          0         36      23999   nrfx_uarte.o
       808         72          0          4          0      13699   system_nrf52.o

    ----------------------------------------------------------------------
     14544       1870       1020        168       9992     454020   Object Totals
         0          0         32          0          0          0   (incl. Generated)
        26          0         30          2          4          0   (incl. Padding)

    ----------------------------------------------------------------------

      Code (inc. data)   RO Data    RW Data    ZI Data      Debug   Library Member Name

         8          4        133          0          0         68   ctype_o.o
         0          0          0          0          0          0   entry.o
         0          0          0          0          0          0   entry10a.o
         0          0          0          0          0          0   entry11a.o
         8          4          0          0          0          0   entry2.o
         4          0          0          0          0          0   entry5.o
         0          0          0          0          0          0   entry7b.o
         0          0          0          0          0          0   entry8b.o
         8          4          0          0          0          0   entry9a.o
        30          0          0          0          0          0   handlers.o
        36          8          0          0          0         68   init.o
         0          0          0          0          0          0   iusefp.o
        30          0          0          0          0         68   llshl.o
        32          0          0          0          0         68   llushr.o
        36          0          0          0          0         68   memcpya.o
        36          0          0          0          0        108   memseta.o
        14          0          0          0          0         68   strlen.o
        56          0          0          0          0         88   d2f.o
       222          0          0          0          0        100   ddiv.o
       186          0          0          0          0        176   depilogue.o
       228          0          0          0          0         96   dmul.o
        38          0          0          0          0         68   f2d.o
       110          0          0          0          0        168   fepilogue.o

    ----------------------------------------------------------------------
      1088         20        136          0          0       1212   Library Totals
         6          0          3          0          0          0   (incl. Padding)

    ----------------------------------------------------------------------

      Code (inc. data)   RO Data    RW Data    ZI Data      Debug   Library Name

       242         20        133          0          0        516   mc_w.l
       840          0          0          0          0        696   mf_w.l

    ----------------------------------------------------------------------
      1088         20        136          0          0       1212   Library Totals

    ----------------------------------------------------------------------

==============================================================================


      Code (inc. data)   RO Data    RW Data    ZI Data      Debug   

     15632       1890       1156        168       9992     439768   Grand Totals
     15632       1890       1156        168       9992     439768   ELF Image Totals
     15632       1890       1156        168          0          0   ROM Totals

==============================================================================

    Total RO  Size (Code + RO Data)                16788 (  16.39kB)
    Total RW  Size (RW Data + ZI Data)             10160 (   9.92kB)
    Total ROM Size (Code + RO Data + RW Data)      16956 (  16.56kB)

==============================================================================

